<?xml version="1.0" encoding="utf-8"?>
<?AutomationStudio Version=3.0?>
<Transfer xmlns="http://br-automation.co.at/AS/Transfer">
  <OperatingSystem Version="C4.72"/>
  <Hardware Target="SG4"/>
  <Operation Delete="CSV01_PRG.br"/>
  <Operation Delete="CSV01_EXT.br"/>
  <Operation Delete="hmiConnect.br"/>
  <Operation Delete="Energiemes.br"/>
  <Operation Delete="Berechnung.br"/>
  <Operation Delete="Alarm.br"/>
  <Operation Delete="Nutzung.br"/>
  <Operation Delete="Sitemanage.br"/>
  <Operation Delete="Leistung.br"/>
  <Operation Delete="Ablaufstrg.br"/>
  <Operation Delete="boxenMappi.br"/>
  <Operation Delete="aktorenMap.br"/>
  <Operation Delete="io407Plus.br"/>
  <Operation Delete="mappPara.br"/>
  <Operation Delete="StartStopp.br"/>
  <Operation Delete="System.br"/>
  <Operation Delete="hmiMain.br"/>
  <Operation Delete="UsbLink.br"/>
  <Operation Delete="eUhr.br"/>
  <Operation Delete="Visu.br"/>
  <Operation Delete="dvframe.br"/>
  <Operation Delete="vccline.br"/>
  <Operation Delete="vccovl.br"/>
  <Operation Delete="vcpdsw.br"/>
  <Operation Delete="vcdsint.br"/>
  <Operation Delete="vccbar.br"/>
  <Operation Delete="vcclbox.br"/>
  <Operation Delete="vcctrend.br"/>
  <Operation Delete="vcctext.br"/>
  <Operation Delete="vcrt.br"/>
  <Operation Delete="vccbmp.br"/>
  <Operation Delete="vcpk.br"/>
  <Operation Delete="vcchspot.br"/>
  <Operation Delete="vcptelo.br"/>
  <Operation Delete="vccdt.br"/>
  <Operation Delete="vcpfppct.br"/>
  <Operation Delete="vcalarm.br"/>
  <Operation Delete="vccshape.br"/>
  <Operation Delete="visvc.br"/>
  <Operation Delete="vccalarm.br"/>
  <Operation Delete="vccstr.br"/>
  <Operation Delete="vcpd335x.br"/>
  <Operation Delete="vcbclass.br"/>
  <Operation Delete="vcdsloc.br"/>
  <Operation Delete="vcpkat.br"/>
  <Operation Delete="vcfntttf.br"/>
  <Operation Delete="vccnum.br"/>
  <Operation Delete="vcfile.br"/>
  <Operation Delete="vctcal.br"/>
  <Operation Delete="vcmgr.br"/>
  <Operation Delete="vcpdvnc.br"/>
  <Operation Delete="vccbtn.br"/>
  <Operation Delete="vccddbox.br"/>
  <Operation Delete="CSV.br"/>
  <Operation Delete="LascoMath.br"/>
  <Operation Delete="AsTCP.br"/>
  <Operation Delete="LascoReg.br"/>
  <Operation Delete="LascoBoxen.br"/>
  <Operation Delete="CControl.br"/>
  <Operation Delete="LaEntfV2.br"/>
  <Operation Delete="LascoTrock.br"/>
  <Operation Delete="AsARCfg.br"/>
  <Operation Delete="vcshared.br"/>
  <Operation Delete="arial.br"/>
  <Operation Delete="arialbd.br"/>
  <Operation Delete="Visu03.br"/>
  <Operation Delete="Visu02.br"/>
  <Operation Delete="Visu01.br"/>
  <Operation Delete="LascoUtil.br"/>
  <Operation Delete="LoopConR.br"/>
  <Operation Delete="brsystem.br"/>
  <Operation Delete="IecCheck.br"/>
  <Operation Delete="AsIecCon.br"/>
  <Operation Delete="DataObj.br"/>
  <Operation Delete="vcnet.br"/>
  <Operation Delete="vccpopup.br"/>
  <Operation Delete="vcgclass.br"/>
  <Operation Delete="MpFile.br"/>
  <Operation Delete="MpRecipe.br"/>
  <Operation Delete="AsUSB.br"/>
  <Operation Delete="MpBase.br"/>
  <Operation Delete="astime.br"/>
  <Operation Delete="FileIO.br"/>
  <Operation Delete="sys_lib.br"/>
  <Operation Download="asfw.br" Memory="SystemROM"/>
  <Operation Download="ashwd.br" Memory="SystemROM"/>
  <Operation Download="arconfig.br" Memory="SystemROM"/>
  <Operation Download="sysconf.br" Memory="SystemROM"/>
  <Operation Restart="warm"/>
  <Operation Download="runtime.br" Memory="UserROM"/>
  <Operation Download="AsBrStr.br" Memory="UserROM"/>
  <Operation Download="arsvcreg.br" Memory="UserROM"/>
  <Operation Download="sys_lib.br" Memory="UserROM"/>
  <Operation Download="FileIO.br" Memory="UserROM"/>
  <Operation Download="astime.br" Memory="UserROM"/>
  <Operation Download="MpBase.br" Memory="UserROM"/>
  <Operation Download="AsUSB.br" Memory="UserROM"/>
  <Operation Download="MpRecipe.br" Memory="UserROM"/>
  <Operation Download="MpFile.br" Memory="UserROM"/>
  <Operation Restart="warm"/>
  <Operation Download="TCData.br" Memory="SystemROM"/>
  <Operation Download="udbdef.br" Memory="UserROM"/>
  <Operation Download="FWRules.br" Memory="UserROM"/>
  <Operation Download="Config.br" Memory="UserROM"/>
  <Operation Download="Role.br" Memory="UserROM"/>
  <Operation Download="User.br" Memory="UserROM"/>
  <Operation Download="ashwac.br" Memory="UserROM"/>
  <Operation Download="iomap.br" Memory="UserROM"/>
  <Operation Download="operator.br" Memory="UserROM"/>
  <Operation Download="standard.br" Memory="UserROM"/>
  <Operation Download="asstring.br" Memory="UserROM"/>
  <Operation Download="visapi.br" Memory="UserROM"/>
  <Operation Download="vcresman.br" Memory="UserROM"/>
  <Operation Download="vcgclass.br" Memory="UserROM"/>
  <Operation Download="vccpopup.br" Memory="UserROM"/>
  <Operation Download="vcnet.br" Memory="UserROM"/>
  <Operation Download="DataObj.br" Memory="UserROM"/>
  <Operation Download="AsIecCon.br" Memory="UserROM"/>
  <Operation Download="IecCheck.br" Memory="UserROM"/>
  <Operation Download="brsystem.br" Memory="UserROM"/>
  <Operation Download="LoopConR.br" Memory="UserROM"/>
  <Operation Download="LascoUtil.br" Memory="UserROM"/>
  <Operation Download="Visu01.br" Memory="UserROM"/>
  <Operation Download="Visu02.br" Memory="UserROM"/>
  <Operation Download="Visu03.br" Memory="UserROM"/>
  <Operation Download="arialbd.br" Memory="UserROM"/>
  <Operation Download="arial.br" Memory="UserROM"/>
  <Operation Download="vcshared.br" Memory="UserROM"/>
  <Operation Download="AsARCfg.br" Memory="UserROM"/>
  <Operation Download="LascoTrock.br" Memory="UserROM"/>
  <Operation Download="LaEntfV2.br" Memory="UserROM"/>
  <Operation Download="CControl.br" Memory="UserROM"/>
  <Operation Download="LascoBoxen.br" Memory="UserROM"/>
  <Operation Download="LascoReg.br" Memory="UserROM"/>
  <Operation Download="AsTCP.br" Memory="UserROM"/>
  <Operation Download="LascoMath.br" Memory="UserROM"/>
  <Operation Download="CSV.br" Memory="UserROM"/>
  <Operation Download="vccddbox.br" Memory="UserROM"/>
  <Operation Download="vccbtn.br" Memory="UserROM"/>
  <Operation Download="vcpdvnc.br" Memory="UserROM"/>
  <Operation Download="vcmgr.br" Memory="UserROM"/>
  <Operation Download="vctcal.br" Memory="UserROM"/>
  <Operation Download="vcfile.br" Memory="UserROM"/>
  <Operation Download="vccnum.br" Memory="UserROM"/>
  <Operation Download="vcfntttf.br" Memory="UserROM"/>
  <Operation Download="vcpkat.br" Memory="UserROM"/>
  <Operation Download="vcdsloc.br" Memory="UserROM"/>
  <Operation Download="vcbclass.br" Memory="UserROM"/>
  <Operation Download="vcpd335x.br" Memory="UserROM"/>
  <Operation Download="vccstr.br" Memory="UserROM"/>
  <Operation Download="vccalarm.br" Memory="UserROM"/>
  <Operation Download="visvc.br" Memory="UserROM"/>
  <Operation Download="vccshape.br" Memory="UserROM"/>
  <Operation Download="vcalarm.br" Memory="UserROM"/>
  <Operation Download="vcpfppct.br" Memory="UserROM"/>
  <Operation Download="vccdt.br" Memory="UserROM"/>
  <Operation Download="vcptelo.br" Memory="UserROM"/>
  <Operation Download="vcchspot.br" Memory="UserROM"/>
  <Operation Download="vcpk.br" Memory="UserROM"/>
  <Operation Download="vccbmp.br" Memory="UserROM"/>
  <Operation Download="vcrt.br" Memory="UserROM"/>
  <Operation Download="vcctext.br" Memory="UserROM"/>
  <Operation Download="vcctrend.br" Memory="UserROM"/>
  <Operation Download="vcclbox.br" Memory="UserROM"/>
  <Operation Download="vccbar.br" Memory="UserROM"/>
  <Operation Download="vcdsint.br" Memory="UserROM"/>
  <Operation Download="vcpdsw.br" Memory="UserROM"/>
  <Operation Download="vccovl.br" Memory="UserROM"/>
  <Operation Download="vccline.br" Memory="UserROM"/>
  <Operation Download="dvframe.br" Memory="UserROM"/>
  <Operation Download="CSV01_CFG.br" Memory="UserROM"/>
  <Operation Download="Visu.br" Memory="UserROM"/>
  <Operation Download="eUhr.br" Memory="UserROM"/>
  <Operation Download="UsbLink.br" Memory="UserROM"/>
  <Operation Download="hmiMain.br" Memory="UserROM"/>
  <Operation Download="System.br" Memory="UserROM"/>
  <Operation Download="StartStopp.br" Memory="UserROM"/>
  <Operation Download="mappPara.br" Memory="UserROM"/>
  <Operation Download="io407Plus.br" Memory="UserROM"/>
  <Operation Download="aktorenMap.br" Memory="UserROM"/>
  <Operation Download="boxenMappi.br" Memory="UserROM"/>
  <Operation Download="Ablaufstrg.br" Memory="UserROM"/>
  <Operation Download="Leistung.br" Memory="UserROM"/>
  <Operation Download="Sitemanage.br" Memory="UserROM"/>
  <Operation Download="Nutzung.br" Memory="UserROM"/>
  <Operation Download="Alarm.br" Memory="UserROM"/>
  <Operation Download="Berechnung.br" Memory="UserROM"/>
  <Operation Download="Energiemes.br" Memory="UserROM"/>
  <Operation Download="hmiConnect.br" Memory="UserROM"/>
  <Operation Download="CSV01_EXT.br" Memory="UserROM"/>
  <Operation Download="CSV01_PRG.br" Memory="UserROM"/>
</Transfer>