C:\SharedFolder\CControl_407_Gschneitner\Temp\Includes\AS_TempDecl\MpComponents.var
C:\SharedFolder\CControl_407_Gschneitner\Logical\Parameter.typ
C:\SharedFolder\CControl_407_Gschneitner\Logical\Enumeration.typ
C:\SharedFolder\CControl_407_Gschneitner\Logical\VisuIO.typ
C:\SharedFolder\CControl_407_Gschneitner\Logical\Global.typ
C:\SharedFolder\CControl_407_Gschneitner\Logical\Global.var
C:\SharedFolder\CControl_407_Gschneitner\Logical\VisuIO.var
C:\SharedFolder\CControl_407_Gschneitner\Logical\Libraries\operator\operator.fun
C:\SharedFolder\CControl_407_Gschneitner\Logical\Libraries\operator\operator.typ
C:\SharedFolder\CControl_407_Gschneitner\Logical\Libraries\operator\operator.var
C:\SharedFolder\CControl_407_Gschneitner\Logical\Libraries\runtime\runtime.fun
C:\SharedFolder\CControl_407_Gschneitner\Logical\Libraries\runtime\runtime.typ
C:\SharedFolder\CControl_407_Gschneitner\Logical\Libraries\runtime\runtime.var
C:\SharedFolder\CControl_407_Gschneitner\Logical\Libraries\astime\astime.fun
C:\SharedFolder\CControl_407_Gschneitner\Logical\Libraries\astime\astime.typ
C:\SharedFolder\CControl_407_Gschneitner\Logical\Libraries\astime\astime.var
C:\SharedFolder\CControl_407_Gschneitner\Logical\Libraries\AsIecCon\AsIecCon.fun
C:\SharedFolder\CControl_407_Gschneitner\Logical\Libraries\AsIecCon\AsIecCon.typ
C:\SharedFolder\CControl_407_Gschneitner\Logical\Libraries\AsIecCon\AsIecCon.var
C:\SharedFolder\CControl_407_Gschneitner\Logical\Libraries\standard\standard.fun
C:\SharedFolder\CControl_407_Gschneitner\Logical\Libraries\standard\standard.typ
C:\SharedFolder\CControl_407_Gschneitner\Logical\Libraries\standard\standard.var
C:\SharedFolder\CControl_407_Gschneitner\Logical\Libraries\sys_lib\sys_lib.fun
C:\SharedFolder\CControl_407_Gschneitner\Logical\Libraries\sys_lib\sys_lib.typ
C:\SharedFolder\CControl_407_Gschneitner\Logical\Libraries\sys_lib\sys_lib.var
C:\SharedFolder\CControl_407_Gschneitner\Logical\Libraries\AsBrStr\AsBrStr.fun
C:\SharedFolder\CControl_407_Gschneitner\Logical\Libraries\AsBrStr\AsBrStr.typ
C:\SharedFolder\CControl_407_Gschneitner\Logical\Libraries\AsBrStr\AsBrStr.var
C:\SharedFolder\CControl_407_Gschneitner\Logical\Libraries\LascoMath\LascoMath.typ
C:\SharedFolder\CControl_407_Gschneitner\Logical\Libraries\LascoMath\LascoMath.var
C:\SharedFolder\CControl_407_Gschneitner\Logical\Libraries\LascoMath\LascoMath.fun
C:\SharedFolder\CControl_407_Gschneitner\Logical\Libraries\LascoReg\LascoReg.typ
C:\SharedFolder\CControl_407_Gschneitner\Logical\Libraries\LascoReg\LascoReg.var
C:\SharedFolder\CControl_407_Gschneitner\Logical\Libraries\LascoReg\LascoReg.fun
C:\SharedFolder\CControl_407_Gschneitner\Logical\Libraries\LascoTrock\LascoTrock.typ
C:\SharedFolder\CControl_407_Gschneitner\Logical\Libraries\LascoTrock\LascoTrock.var
C:\SharedFolder\CControl_407_Gschneitner\Logical\Libraries\LascoTrock\LascoTrock.fun
C:\SharedFolder\CControl_407_Gschneitner\Logical\Libraries\LascoUtil\LascoUtil.typ
C:\SharedFolder\CControl_407_Gschneitner\Logical\Libraries\LascoUtil\LascoUtil.var
C:\SharedFolder\CControl_407_Gschneitner\Logical\Libraries\LascoUtil\LascoUtil.fun
C:\SharedFolder\CControl_407_Gschneitner\Logical\Libraries\LaEntfV2\Types.typ
C:\SharedFolder\CControl_407_Gschneitner\Logical\Libraries\LaEntfV2\Constants.var
C:\SharedFolder\CControl_407_Gschneitner\Logical\Libraries\LaEntfV2\LaEntfV2.fun
C:\SharedFolder\CControl_407_Gschneitner\Logical\Libraries\LascoBoxen\Types.typ
C:\SharedFolder\CControl_407_Gschneitner\Logical\Libraries\LascoBoxen\Constants.var
C:\SharedFolder\CControl_407_Gschneitner\Logical\Libraries\LascoBoxen\LascoBoxen.fun
C:\SharedFolder\CControl_407_Gschneitner\Logical\Libraries\LoopConR\LoopConR.var
C:\SharedFolder\CControl_407_Gschneitner\Logical\Libraries\LoopConR\LoopConR.typ
C:\SharedFolder\CControl_407_Gschneitner\Logical\Libraries\LoopConR\LoopConR.fun
C:\SharedFolder\CControl_407_Gschneitner\Logical\Libraries\brsystem\brsystem.fun
C:\SharedFolder\CControl_407_Gschneitner\Logical\Libraries\brsystem\brsystem.typ
C:\SharedFolder\CControl_407_Gschneitner\Logical\Libraries\brsystem\brsystem.var
C:\SharedFolder\CControl_407_Gschneitner\Logical\Libraries\asstring\asstring.fun
C:\SharedFolder\CControl_407_Gschneitner\Logical\Libraries\asstring\asstring.typ
C:\SharedFolder\CControl_407_Gschneitner\Logical\Libraries\asstring\asstring.var
C:\SharedFolder\CControl_407_Gschneitner\Logical\Libraries\FileIO\FileIO.fun
C:\SharedFolder\CControl_407_Gschneitner\Logical\Libraries\FileIO\FileIO.typ
C:\SharedFolder\CControl_407_Gschneitner\Logical\Libraries\FileIO\FileIO.var
C:\SharedFolder\CControl_407_Gschneitner\Logical\Libraries\DataObj\DataObj.fun
C:\SharedFolder\CControl_407_Gschneitner\Logical\Libraries\DataObj\DataObj.typ
C:\SharedFolder\CControl_407_Gschneitner\Logical\Libraries\DataObj\DataObj.var
C:\SharedFolder\CControl_407_Gschneitner\Logical\Libraries\AsARCfg\AsARCfg.fun
C:\SharedFolder\CControl_407_Gschneitner\Logical\Libraries\AsARCfg\AsARCfg.typ
C:\SharedFolder\CControl_407_Gschneitner\Logical\Libraries\AsARCfg\AsARCfg.var
C:\SharedFolder\CControl_407_Gschneitner\Logical\Libraries\visapi\Visapi.typ
C:\SharedFolder\CControl_407_Gschneitner\Logical\Libraries\visapi\Visapi.fun
C:\SharedFolder\CControl_407_Gschneitner\Logical\Libraries\visapi\Visapi.var
C:\SharedFolder\CControl_407_Gschneitner\Logical\Libraries\AsUSB\AsUSB.fun
C:\SharedFolder\CControl_407_Gschneitner\Logical\Libraries\AsUSB\AsUSB.typ
C:\SharedFolder\CControl_407_Gschneitner\Logical\Libraries\AsUSB\AsUSB.var
C:\SharedFolder\CControl_407_Gschneitner\Logical\Libraries\dvframe\dvframe.fun
C:\SharedFolder\CControl_407_Gschneitner\Logical\Libraries\dvframe\dvframe.typ
C:\SharedFolder\CControl_407_Gschneitner\Logical\Libraries\dvframe\dvframe.var
C:\SharedFolder\CControl_407_Gschneitner\Logical\Libraries\IecCheck\IecCheck.fun
C:\SharedFolder\CControl_407_Gschneitner\Logical\Libraries\AsTCP\AsTCP.fun
C:\SharedFolder\CControl_407_Gschneitner\Logical\Libraries\AsTCP\AsTCP.typ
C:\SharedFolder\CControl_407_Gschneitner\Logical\Libraries\AsTCP\AsTCP.var
C:\SharedFolder\CControl_407_Gschneitner\Logical\Libraries\CControl\Types.typ
C:\SharedFolder\CControl_407_Gschneitner\Logical\Libraries\CControl\Constants.var
C:\SharedFolder\CControl_407_Gschneitner\Logical\Libraries\CControl\CControl.fun
C:\SharedFolder\CControl_407_Gschneitner\Logical\Libraries\MpBase\MpBase.var
C:\SharedFolder\CControl_407_Gschneitner\Logical\Libraries\MpBase\MpBase.typ
C:\SharedFolder\CControl_407_Gschneitner\Logical\Libraries\MpBase\MpBase.fun
C:\SharedFolder\CControl_407_Gschneitner\Logical\Libraries\MpFile\MpFile.typ
C:\SharedFolder\CControl_407_Gschneitner\Logical\Libraries\MpFile\MpFileError.typ
C:\SharedFolder\CControl_407_Gschneitner\Logical\Libraries\MpFile\MpFileAlarm.typ
C:\SharedFolder\CControl_407_Gschneitner\Logical\Libraries\MpFile\MpFile.fun
C:\SharedFolder\CControl_407_Gschneitner\Logical\Libraries\MpRecipe\MpRecipe.typ
C:\SharedFolder\CControl_407_Gschneitner\Logical\Libraries\MpRecipe\MpRecipeAlarm.typ
C:\SharedFolder\CControl_407_Gschneitner\Logical\Libraries\MpRecipe\MpRecipeError.typ
C:\SharedFolder\CControl_407_Gschneitner\Logical\Libraries\MpRecipe\MpRecipe.fun
C:\SharedFolder\CControl_407_Gschneitner\Logical\IO\InputOutput.var
C:\SharedFolder\CControl_407_Gschneitner\Logical\IO\InputOutput.typ
C:\SharedFolder\CControl_407_Gschneitner\Logical\Berechnung\Berechnungen.var
C:\SharedFolder\CControl_407_Gschneitner\Logical\Alarmsystem\Alarmsys.var
C:\SharedFolder\CControl_407_Gschneitner\Logical\Regelung\RegelungIO.var
C:\SharedFolder\CControl_407_Gschneitner\Logical\Regelung\RegelungIO.typ
C:\SharedFolder\CControl_407_Gschneitner\Logical\CSV\CSV_Global.typ
C:\SharedFolder\CControl_407_Gschneitner\Logical\CSV\CSV_Global.var
C:\SharedFolder\CControl_407_Gschneitner\Logical\CSV\Library\CSV\CSV.fun
