<?xml version="1.0" encoding="utf-8"?>
<?AutomationStudio Version="4.12.9.18 SP"?>
<Objects>
  <Object
    Path="C:\SharedFolder\CControl_Gschneitner\Logical\Package.pkg"
    LogicalPath=""
    Type="Package.ParentUnknown"
    LastWriteTime="134232640649017570" />
  <Object
    Path="C:\SharedFolder\CControl_Gschneitner\Temp\Includes\AS_TempDecl\MpComponents.var"
    LogicalPath="MpComponents.var"
    Type="File"
    LastWriteTime="134345458512475059"
    Private="false" />
  <Object
    Path="C:\SharedFolder\CControl_Gschneitner\Logical\Parameter.typ"
    LogicalPath="Parameter.typ"
    Type="File"
    LastWriteTime="134315172033063100"
    Private="false" />
  <Object
    Path="C:\SharedFolder\CControl_Gschneitner\Logical\Enumeration.typ"
    LogicalPath="Enumeration.typ"
    Type="File"
    LastWriteTime="134320670275745934"
    Private="false" />
  <Object
    Path="C:\SharedFolder\CControl_Gschneitner\Logical\VisuIO.typ"
    LogicalPath="VisuIO.typ"
    Type="File"
    LastWriteTime="134320673822892689"
    Private="false" />
  <Object
    Path="C:\SharedFolder\CControl_Gschneitner\Logical\Global.typ"
    LogicalPath="Global.typ"
    Type="File"
    LastWriteTime="134263240246670181"
    Private="false" />
  <Object
    Path="C:\SharedFolder\CControl_Gschneitner\Logical\Global.var"
    LogicalPath="Global.var"
    Type="File"
    LastWriteTime="134232640647758834"
    Private="false" />
  <Object
    Path="C:\SharedFolder\CControl_Gschneitner\Logical\VisuIO.var"
    LogicalPath="VisuIO.var"
    Type="File"
    LastWriteTime="134232640649334592"
    Private="false" />
  <Object
    Path="C:\SharedFolder\CControl_Gschneitner\Logical\Libraries\Package.pkg"
    LogicalPath="Libraries"
    Type="Package"
    LastWriteTime="134272207287323364" />
  <Object
    Path="C:\SharedFolder\CControl_Gschneitner\Logical\Libraries\operator\Binary.lby"
    LogicalPath="Libraries.operator"
    Type="Library"
    LastWriteTime="134232640648843662" />
  <Object
    Path="C:\SharedFolder\CControl_Gschneitner\Logical\Libraries\operator\operator.fun"
    LogicalPath="Libraries.operator.operator.fun"
    Type="File"
    LastWriteTime="134232640648843662"
    Private="false" />
  <Object
    Path="C:\SharedFolder\CControl_Gschneitner\Logical\Libraries\operator\operator.typ"
    LogicalPath="Libraries.operator.operator.typ"
    Type="File"
    LastWriteTime="134232640648843662"
    Private="false" />
  <Object
    Path="C:\SharedFolder\CControl_Gschneitner\Logical\Libraries\operator\operator.var"
    LogicalPath="Libraries.operator.operator.var"
    Type="File"
    LastWriteTime="134232640648843662"
    Private="false" />
  <Object
    Path="C:\SharedFolder\CControl_Gschneitner\Logical\Libraries\runtime\Binary.lby"
    LogicalPath="Libraries.runtime"
    Type="Library"
    LastWriteTime="134232640648843662" />
  <Object
    Path="C:\SharedFolder\CControl_Gschneitner\Logical\Libraries\runtime\runtime.fun"
    LogicalPath="Libraries.runtime.runtime.fun"
    Type="File"
    LastWriteTime="134232640648843662"
    Private="false" />
  <Object
    Path="C:\SharedFolder\CControl_Gschneitner\Logical\Libraries\runtime\runtime.typ"
    LogicalPath="Libraries.runtime.runtime.typ"
    Type="File"
    LastWriteTime="134232640648843662"
    Private="false" />
  <Object
    Path="C:\SharedFolder\CControl_Gschneitner\Logical\Libraries\runtime\runtime.var"
    LogicalPath="Libraries.runtime.runtime.var"
    Type="File"
    LastWriteTime="134232640648843662"
    Private="false" />
  <Object
    Path="C:\SharedFolder\CControl_Gschneitner\Logical\Libraries\astime\Binary.lby"
    LogicalPath="Libraries.astime"
    Type="Library"
    LastWriteTime="134232640648800107" />
  <Object
    Path="C:\SharedFolder\CControl_Gschneitner\Logical\Libraries\astime\astime.fun"
    LogicalPath="Libraries.astime.astime.fun"
    Type="File"
    LastWriteTime="134232640648843662"
    Private="false" />
  <Object
    Path="C:\SharedFolder\CControl_Gschneitner\Logical\Libraries\astime\astime.typ"
    LogicalPath="Libraries.astime.astime.typ"
    Type="File"
    LastWriteTime="134232640648843662"
    Private="false" />
  <Object
    Path="C:\SharedFolder\CControl_Gschneitner\Logical\Libraries\astime\astime.var"
    LogicalPath="Libraries.astime.astime.var"
    Type="File"
    LastWriteTime="134232640648843662"
    Private="false" />
  <Object
    Path="C:\SharedFolder\CControl_Gschneitner\Logical\Libraries\AsIecCon\Binary.lby"
    LogicalPath="Libraries.AsIecCon"
    Type="Library"
    LastWriteTime="134232640648077344" />
  <Object
    Path="C:\SharedFolder\CControl_Gschneitner\Logical\Libraries\AsIecCon\AsIecCon.fun"
    LogicalPath="Libraries.AsIecCon.AsIecCon.fun"
    Type="File"
    LastWriteTime="134232640648077344"
    Private="false" />
  <Object
    Path="C:\SharedFolder\CControl_Gschneitner\Logical\Libraries\AsIecCon\AsIecCon.typ"
    LogicalPath="Libraries.AsIecCon.AsIecCon.typ"
    Type="File"
    LastWriteTime="134232640648077344"
    Private="false" />
  <Object
    Path="C:\SharedFolder\CControl_Gschneitner\Logical\Libraries\AsIecCon\AsIecCon.var"
    LogicalPath="Libraries.AsIecCon.AsIecCon.var"
    Type="File"
    LastWriteTime="134232640648077344"
    Private="false" />
  <Object
    Path="C:\SharedFolder\CControl_Gschneitner\Logical\Libraries\standard\Binary.lby"
    LogicalPath="Libraries.standard"
    Type="Library"
    LastWriteTime="134232640648961133" />
  <Object
    Path="C:\SharedFolder\CControl_Gschneitner\Logical\Libraries\standard\standard.fun"
    LogicalPath="Libraries.standard.standard.fun"
    Type="File"
    LastWriteTime="134232640648961133"
    Private="false" />
  <Object
    Path="C:\SharedFolder\CControl_Gschneitner\Logical\Libraries\standard\standard.typ"
    LogicalPath="Libraries.standard.standard.typ"
    Type="File"
    LastWriteTime="134232640648961133"
    Private="false" />
  <Object
    Path="C:\SharedFolder\CControl_Gschneitner\Logical\Libraries\standard\standard.var"
    LogicalPath="Libraries.standard.standard.var"
    Type="File"
    LastWriteTime="134232640648961133"
    Private="false" />
  <Object
    Path="C:\SharedFolder\CControl_Gschneitner\Logical\Libraries\sys_lib\Binary.lby"
    LogicalPath="Libraries.sys_lib"
    Type="Library"
    LastWriteTime="134232640648961133" />
  <Object
    Path="C:\SharedFolder\CControl_Gschneitner\Logical\Libraries\sys_lib\sys_lib.fun"
    LogicalPath="Libraries.sys_lib.sys_lib.fun"
    Type="File"
    LastWriteTime="134232640648961133"
    Private="false" />
  <Object
    Path="C:\SharedFolder\CControl_Gschneitner\Logical\Libraries\sys_lib\sys_lib.typ"
    LogicalPath="Libraries.sys_lib.sys_lib.typ"
    Type="File"
    LastWriteTime="134232640648961133"
    Private="false" />
  <Object
    Path="C:\SharedFolder\CControl_Gschneitner\Logical\Libraries\sys_lib\sys_lib.var"
    LogicalPath="Libraries.sys_lib.sys_lib.var"
    Type="File"
    LastWriteTime="134232640648961133"
    Private="false" />
  <Object
    Path="C:\SharedFolder\CControl_Gschneitner\Logical\Libraries\AsBrStr\Binary.lby"
    LogicalPath="Libraries.AsBrStr"
    Type="Library"
    LastWriteTime="134232640647998340" />
  <Object
    Path="C:\SharedFolder\CControl_Gschneitner\Logical\Libraries\AsBrStr\AsBrStr.fun"
    LogicalPath="Libraries.AsBrStr.AsBrStr.fun"
    Type="File"
    LastWriteTime="134232640647998340"
    Private="false" />
  <Object
    Path="C:\SharedFolder\CControl_Gschneitner\Logical\Libraries\AsBrStr\AsBrStr.typ"
    LogicalPath="Libraries.AsBrStr.AsBrStr.typ"
    Type="File"
    LastWriteTime="134232640647998340"
    Private="false" />
  <Object
    Path="C:\SharedFolder\CControl_Gschneitner\Logical\Libraries\AsBrStr\AsBrStr.var"
    LogicalPath="Libraries.AsBrStr.AsBrStr.var"
    Type="File"
    LastWriteTime="134232640647998340"
    Private="false" />
  <Object
    Path="C:\SharedFolder\CControl_Gschneitner\Logical\Libraries\LascoMath\IEC.lby"
    LogicalPath="Libraries.LascoMath"
    Type="Library"
    LastWriteTime="134232640648234266" />
  <Object
    Path="C:\SharedFolder\CControl_Gschneitner\Logical\Libraries\LascoMath\LascoMath.typ"
    LogicalPath="Libraries.LascoMath.LascoMath.typ"
    Type="File"
    LastWriteTime="134232640648234266"
    Private="false" />
  <Object
    Path="C:\SharedFolder\CControl_Gschneitner\Logical\Libraries\LascoMath\LascoMath.var"
    LogicalPath="Libraries.LascoMath.LascoMath.var"
    Type="File"
    LastWriteTime="134232640648234266"
    Private="false" />
  <Object
    Path="C:\SharedFolder\CControl_Gschneitner\Logical\Libraries\LascoMath\LascoMath.fun"
    LogicalPath="Libraries.LascoMath.LascoMath.fun"
    Type="File"
    LastWriteTime="134232640648234266"
    Private="false" />
  <Object
    Path="C:\SharedFolder\CControl_Gschneitner\Logical\Libraries\LascoMath\fbMathLuft.st"
    LogicalPath="Libraries.LascoMath.fbMathLuft.st"
    Type="File"
    LastWriteTime="134232640648234266"
    Private="false" />
  <Object
    Path="C:\SharedFolder\CControl_Gschneitner\Logical\Libraries\LascoMath\fbMathTrGutGew.st"
    LogicalPath="Libraries.LascoMath.fbMathTrGutGew.st"
    Type="File"
    LastWriteTime="134232640648234266"
    Private="false" />
  <Object
    Path="C:\SharedFolder\CControl_Gschneitner\Logical\Libraries\LascoMath\fbMathTrLftMenge.st"
    LogicalPath="Libraries.LascoMath.fbMathTrLftMenge.st"
    Type="File"
    LastWriteTime="134232640648234266"
    Private="false" />
  <Object
    Path="C:\SharedFolder\CControl_Gschneitner\Logical\Libraries\LascoMath\fbMathTrLftDruck.st"
    LogicalPath="Libraries.LascoMath.fbMathTrLftDruck.st"
    Type="File"
    LastWriteTime="134232640648234266"
    Private="false" />
  <Object
    Path="C:\SharedFolder\CControl_Gschneitner\Logical\Libraries\LascoMath\fbMathWetter.st"
    LogicalPath="Libraries.LascoMath.fbMathWetter.st"
    Type="File"
    LastWriteTime="134232640648234266"
    Private="false" />
  <Object
    Path="C:\SharedFolder\CControl_Gschneitner\Logical\Libraries\LascoMath\fbMathMessblende.st"
    LogicalPath="Libraries.LascoMath.fbMathMessblende.st"
    Type="File"
    LastWriteTime="134232640648234266"
    Private="false" />
  <Object
    Path="C:\SharedFolder\CControl_Gschneitner\Logical\Libraries\LascoReg\IEC.lby"
    LogicalPath="Libraries.LascoReg"
    Type="Library"
    LastWriteTime="134232640648234266" />
  <Object
    Path="C:\SharedFolder\CControl_Gschneitner\Logical\Libraries\LascoReg\LascoReg.typ"
    LogicalPath="Libraries.LascoReg.LascoReg.typ"
    Type="File"
    LastWriteTime="134232640648234266"
    Private="false" />
  <Object
    Path="C:\SharedFolder\CControl_Gschneitner\Logical\Libraries\LascoReg\LascoReg.var"
    LogicalPath="Libraries.LascoReg.LascoReg.var"
    Type="File"
    LastWriteTime="134232640648234266"
    Private="false" />
  <Object
    Path="C:\SharedFolder\CControl_Gschneitner\Logical\Libraries\LascoReg\LascoReg.fun"
    LogicalPath="Libraries.LascoReg.LascoReg.fun"
    Type="File"
    LastWriteTime="134232640648234266"
    Private="false" />
  <Object
    Path="C:\SharedFolder\CControl_Gschneitner\Logical\Libraries\LascoReg\fbRegPidReglerAllg.st"
    LogicalPath="Libraries.LascoReg.fbRegPidReglerAllg.st"
    Type="File"
    LastWriteTime="134232640648234266"
    Private="false" />
  <Object
    Path="C:\SharedFolder\CControl_Gschneitner\Logical\Libraries\LascoTrock\IEC.lby"
    LogicalPath="Libraries.LascoTrock"
    Type="Library"
    LastWriteTime="134232640648234266" />
  <Object
    Path="C:\SharedFolder\CControl_Gschneitner\Logical\Libraries\LascoTrock\LascoTrock.typ"
    LogicalPath="Libraries.LascoTrock.LascoTrock.typ"
    Type="File"
    LastWriteTime="134232640648234266"
    Private="false" />
  <Object
    Path="C:\SharedFolder\CControl_Gschneitner\Logical\Libraries\LascoTrock\LascoTrock.var"
    LogicalPath="Libraries.LascoTrock.LascoTrock.var"
    Type="File"
    LastWriteTime="134232640648234266"
    Private="false" />
  <Object
    Path="C:\SharedFolder\CControl_Gschneitner\Logical\Libraries\LascoTrock\LascoTrock.fun"
    LogicalPath="Libraries.LascoTrock.LascoTrock.fun"
    Type="File"
    LastWriteTime="134263350502448141"
    Private="false" />
  <Object
    Path="C:\SharedFolder\CControl_Gschneitner\Logical\Libraries\LascoTrock\fbTrockZeitprogramm.st"
    LogicalPath="Libraries.LascoTrock.fbTrockZeitprogramm.st"
    Type="File"
    LastWriteTime="134232640648334408"
    Private="false" />
  <Object
    Path="C:\SharedFolder\CControl_Gschneitner\Logical\Libraries\LascoTrock\fbTrockLaufPause.st"
    LogicalPath="Libraries.LascoTrock.fbTrockLaufPause.st"
    Type="File"
    LastWriteTime="134232640648234266"
    Private="false" />
  <Object
    Path="C:\SharedFolder\CControl_Gschneitner\Logical\Libraries\LascoTrock\fbTrockNachtrock.st"
    LogicalPath="Libraries.LascoTrock.fbTrockNachtrock.st"
    Type="File"
    LastWriteTime="134232640648334408"
    Private="false" />
  <Object
    Path="C:\SharedFolder\CControl_Gschneitner\Logical\Libraries\LascoTrock\fbTrockTarifabsch.st"
    LogicalPath="Libraries.LascoTrock.fbTrockTarifabsch.st"
    Type="File"
    LastWriteTime="134232640648334408"
    Private="false" />
  <Object
    Path="C:\SharedFolder\CControl_Gschneitner\Logical\Libraries\LascoTrock\fbTrockStrombegr.st"
    LogicalPath="Libraries.LascoTrock.fbTrockStrombegr.st"
    Type="File"
    LastWriteTime="134232640648334408"
    Private="false" />
  <Object
    Path="C:\SharedFolder\CControl_Gschneitner\Logical\Libraries\LascoTrock\fbTrockAutomatik.st"
    LogicalPath="Libraries.LascoTrock.fbTrockAutomatik.st"
    Type="File"
    LastWriteTime="134232640648234266"
    Private="false" />
  <Object
    Path="C:\SharedFolder\CControl_Gschneitner\Logical\Libraries\LascoTrock\fbTrockStufen.st"
    LogicalPath="Libraries.LascoTrock.fbTrockStufen.st"
    Type="File"
    LastWriteTime="134232640648334408"
    Private="false" />
  <Object
    Path="C:\SharedFolder\CControl_Gschneitner\Logical\Libraries\LascoTrock\fbTrockVent.st"
    LogicalPath="Libraries.LascoTrock.fbTrockVent.st"
    Type="File"
    LastWriteTime="134232640648334408"
    Private="false" />
  <Object
    Path="C:\SharedFolder\CControl_Gschneitner\Logical\Libraries\LascoTrock\fbTrockVariante.st"
    LogicalPath="Libraries.LascoTrock.fbTrockVariante.st"
    Type="File"
    LastWriteTime="134232640648334408"
    Private="false" />
  <Object
    Path="C:\SharedFolder\CControl_Gschneitner\Logical\Libraries\LascoUtil\IEC.lby"
    LogicalPath="Libraries.LascoUtil"
    Type="Library"
    LastWriteTime="134232640648334408" />
  <Object
    Path="C:\SharedFolder\CControl_Gschneitner\Logical\Libraries\LascoUtil\LascoUtil.typ"
    LogicalPath="Libraries.LascoUtil.LascoUtil.typ"
    Type="File"
    LastWriteTime="134232640648334408"
    Private="false" />
  <Object
    Path="C:\SharedFolder\CControl_Gschneitner\Logical\Libraries\LascoUtil\LascoUtil.var"
    LogicalPath="Libraries.LascoUtil.LascoUtil.var"
    Type="File"
    LastWriteTime="134232640648334408"
    Private="false" />
  <Object
    Path="C:\SharedFolder\CControl_Gschneitner\Logical\Libraries\LascoUtil\LascoUtil.fun"
    LogicalPath="Libraries.LascoUtil.LascoUtil.fun"
    Type="File"
    LastWriteTime="134232640648334408"
    Private="false" />
  <Object
    Path="C:\SharedFolder\CControl_Gschneitner\Logical\Libraries\LascoUtil\fbLascoEUhr.st"
    LogicalPath="Libraries.LascoUtil.fbLascoEUhr.st"
    Type="File"
    LastWriteTime="134232640648394833"
    Private="false" />
  <Object
    Path="C:\SharedFolder\CControl_Gschneitner\Logical\Libraries\LascoUtil\fbLascoTON.st"
    LogicalPath="Libraries.LascoUtil.fbLascoTON.st"
    Type="File"
    LastWriteTime="134232640648394833"
    Private="false" />
  <Object
    Path="C:\SharedFolder\CControl_Gschneitner\Logical\Libraries\LascoUtil\fbLascoTOF.st"
    LogicalPath="Libraries.LascoUtil.fbLascoTOF.st"
    Type="File"
    LastWriteTime="134232640648394833"
    Private="false" />
  <Object
    Path="C:\SharedFolder\CControl_Gschneitner\Logical\Libraries\LascoUtil\fbLascoTOG.st"
    LogicalPath="Libraries.LascoUtil.fbLascoTOG.st"
    Type="File"
    LastWriteTime="134232640648394833"
    Private="false" />
  <Object
    Path="C:\SharedFolder\CControl_Gschneitner\Logical\Libraries\LascoUtil\funLascoMinss.st"
    LogicalPath="Libraries.LascoUtil.funLascoMinss.st"
    Type="File"
    LastWriteTime="134232640648486251"
    Private="false" />
  <Object
    Path="C:\SharedFolder\CControl_Gschneitner\Logical\Libraries\LascoUtil\fbLascoZdxx.st"
    LogicalPath="Libraries.LascoUtil.fbLascoZdxx.st"
    Type="File"
    LastWriteTime="134232640648394833"
    Private="false" />
  <Object
    Path="C:\SharedFolder\CControl_Gschneitner\Logical\Libraries\LascoUtil\fbLascoZbFrg.st"
    LogicalPath="Libraries.LascoUtil.fbLascoZbFrg.st"
    Type="File"
    LastWriteTime="134232640648394833"
    Private="false" />
  <Object
    Path="C:\SharedFolder\CControl_Gschneitner\Logical\Libraries\LascoUtil\fbLascoBstd.st"
    LogicalPath="Libraries.LascoUtil.fbLascoBstd.st"
    Type="File"
    LastWriteTime="134232640648394833"
    Private="false" />
  <Object
    Path="C:\SharedFolder\CControl_Gschneitner\Logical\Libraries\LascoUtil\fbLascoWoPrg.st"
    LogicalPath="Libraries.LascoUtil.fbLascoWoPrg.st"
    Type="File"
    LastWriteTime="134232640648394833"
    Private="false" />
  <Object
    Path="C:\SharedFolder\CControl_Gschneitner\Logical\Libraries\LascoUtil\fbLascoDrzuebw.st"
    LogicalPath="Libraries.LascoUtil.fbLascoDrzuebw.st"
    Type="File"
    LastWriteTime="134232640648394833"
    Private="false" />
  <Object
    Path="C:\SharedFolder\CControl_Gschneitner\Logical\Libraries\LascoUtil\fbLascoFehl.st"
    LogicalPath="Libraries.LascoUtil.fbLascoFehl.st"
    Type="File"
    LastWriteTime="134232640648394833"
    Private="false" />
  <Object
    Path="C:\SharedFolder\CControl_Gschneitner\Logical\Libraries\LascoUtil\fbLascoFept.st"
    LogicalPath="Libraries.LascoUtil.fbLascoFept.st"
    Type="File"
    LastWriteTime="134232640648394833"
    Private="false" />
  <Object
    Path="C:\SharedFolder\CControl_Gschneitner\Logical\Libraries\LascoUtil\fbLascoPuge.st"
    LogicalPath="Libraries.LascoUtil.fbLascoPuge.st"
    Type="File"
    LastWriteTime="134232640648394833"
    Private="false" />
  <Object
    Path="C:\SharedFolder\CControl_Gschneitner\Logical\Libraries\LascoUtil\fbLascoLstgStell.st"
    LogicalPath="Libraries.LascoUtil.fbLascoLstgStell.st"
    Type="File"
    LastWriteTime="134232640648394833"
    Private="false" />
  <Object
    Path="C:\SharedFolder\CControl_Gschneitner\Logical\Libraries\LascoUtil\fbLascoZund.st"
    LogicalPath="Libraries.LascoUtil.fbLascoZund.st"
    Type="File"
    LastWriteTime="134232640648486251"
    Private="false" />
  <Object
    Path="C:\SharedFolder\CControl_Gschneitner\Logical\Libraries\LascoUtil\fbLascoFU.st"
    LogicalPath="Libraries.LascoUtil.fbLascoFU.st"
    Type="File"
    LastWriteTime="134232640648394833"
    Private="false" />
  <Object
    Path="C:\SharedFolder\CControl_Gschneitner\Logical\Libraries\LascoUtil\fbLascoZweiPunktAchse.st"
    LogicalPath="Libraries.LascoUtil.fbLascoZweiPunktAchse.st"
    Type="File"
    LastWriteTime="134232640648486251"
    Private="false" />
  <Object
    Path="C:\SharedFolder\CControl_Gschneitner\Logical\Libraries\LascoUtil\fbLascoStellachse.st"
    LogicalPath="Libraries.LascoUtil.fbLascoStellachse.st"
    Type="File"
    LastWriteTime="134232640648394833"
    Private="false" />
  <Object
    Path="C:\SharedFolder\CControl_Gschneitner\Logical\Libraries\LascoUtil\fbLascoStellachseAnalog.st"
    LogicalPath="Libraries.LascoUtil.fbLascoStellachseAnalog.st"
    Type="File"
    LastWriteTime="134232640648394833"
    Private="false" />
  <Object
    Path="C:\SharedFolder\CControl_Gschneitner\Logical\Libraries\LascoUtil\fbLascoStellachseDigital.st"
    LogicalPath="Libraries.LascoUtil.fbLascoStellachseDigital.st"
    Type="File"
    LastWriteTime="134232640648394833"
    Private="false" />
  <Object
    Path="C:\SharedFolder\CControl_Gschneitner\Logical\Libraries\LascoUtil\fbLascoWarmluftsteller.st"
    LogicalPath="Libraries.LascoUtil.fbLascoWarmluftsteller.st"
    Type="File"
    LastWriteTime="134232640648394833"
    Private="false" />
  <Object
    Path="C:\SharedFolder\CControl_Gschneitner\Logical\Libraries\LascoUtil\fbLascoFreilauf.st"
    LogicalPath="Libraries.LascoUtil.fbLascoFreilauf.st"
    Type="File"
    LastWriteTime="134232640648394833"
    Private="false" />
  <Object
    Path="C:\SharedFolder\CControl_Gschneitner\Logical\Libraries\LascoUtil\fbLascoBrStfLst.st"
    LogicalPath="Libraries.LascoUtil.fbLascoBrStfLst.st"
    Type="File"
    LastWriteTime="134232640648334408"
    Private="false" />
  <Object
    Path="C:\SharedFolder\CControl_Gschneitner\Logical\Libraries\LascoUtil\fbLascoFuellst.st"
    LogicalPath="Libraries.LascoUtil.fbLascoFuellst.st"
    Type="File"
    LastWriteTime="134232640648394833"
    Private="false" />
  <Object
    Path="C:\SharedFolder\CControl_Gschneitner\Logical\Libraries\LascoUtil\fbLascoWlg.st"
    LogicalPath="Libraries.LascoUtil.fbLascoWlg.st"
    Type="File"
    LastWriteTime="134232640648394833"
    Private="false" />
  <Object
    Path="C:\SharedFolder\CControl_Gschneitner\Logical\Libraries\LascoUtil\fbLascoBmin.st"
    LogicalPath="Libraries.LascoUtil.fbLascoBmin.st"
    Type="File"
    LastWriteTime="134232640648334408"
    Private="false" />
  <Object
    Path="C:\SharedFolder\CControl_Gschneitner\Logical\Libraries\LascoUtil\fbLascoStdMin.st"
    LogicalPath="Libraries.LascoUtil.fbLascoStdMin.st"
    Type="File"
    LastWriteTime="134232640648394833"
    Private="false" />
  <Object
    Path="C:\SharedFolder\CControl_Gschneitner\Logical\Libraries\LascoUtil\fbLascoSrvcInterv.st"
    LogicalPath="Libraries.LascoUtil.fbLascoSrvcInterv.st"
    Type="File"
    LastWriteTime="134232640648394833"
    Private="false" />
  <Object
    Path="C:\SharedFolder\CControl_Gschneitner\Logical\Libraries\LascoUtil\fbLascoLstRamp.st"
    LogicalPath="Libraries.LascoUtil.fbLascoLstRamp.st"
    Type="File"
    LastWriteTime="134232640648394833"
    Private="false" />
  <Object
    Path="C:\SharedFolder\CControl_Gschneitner\Logical\Libraries\LascoUtil\fbLascoBsk.st"
    LogicalPath="Libraries.LascoUtil.fbLascoBsk.st"
    Type="File"
    LastWriteTime="134232640648394833"
    Private="false" />
  <Object
    Path="C:\SharedFolder\CControl_Gschneitner\Logical\Libraries\LascoUtil\fbLascoTrend.st"
    LogicalPath="Libraries.LascoUtil.fbLascoTrend.st"
    Type="File"
    LastWriteTime="134232640648394833"
    Private="false" />
  <Object
    Path="C:\SharedFolder\CControl_Gschneitner\Logical\Libraries\LascoUtil\fbLascoTimerHand.st"
    LogicalPath="Libraries.LascoUtil.fbLascoTimerHand.st"
    Type="File"
    LastWriteTime="134232640648394833"
    Private="false" />
  <Object
    Path="C:\SharedFolder\CControl_Gschneitner\Logical\Libraries\LascoUtil\fbLascoBskUeberw.st"
    LogicalPath="Libraries.LascoUtil.fbLascoBskUeberw.st"
    Type="File"
    LastWriteTime="134232640648394833"
    Private="false" />
  <Object
    Path="C:\SharedFolder\CControl_Gschneitner\Logical\Libraries\LascoUtil\fbLascoAutoRuecklauf.st"
    LogicalPath="Libraries.LascoUtil.fbLascoAutoRuecklauf.st"
    Type="File"
    LastWriteTime="134232640648334408"
    Private="false" />
  <Object
    Path="C:\SharedFolder\CControl_Gschneitner\Logical\Libraries\LascoUtil\fbLascoPugeV2.st"
    LogicalPath="Libraries.LascoUtil.fbLascoPugeV2.st"
    Type="File"
    LastWriteTime="134232640648394833"
    Private="false" />
  <Object
    Path="C:\SharedFolder\CControl_Gschneitner\Logical\Libraries\LaEntfV2\IEC.lby"
    LogicalPath="Libraries.LaEntfV2"
    Type="Library"
    LastWriteTime="134232640648189345" />
  <Object
    Path="C:\SharedFolder\CControl_Gschneitner\Logical\Libraries\LaEntfV2\Types.typ"
    LogicalPath="Libraries.LaEntfV2.Types.typ"
    Type="File"
    LastWriteTime="134232640648189345"
    Private="false" />
  <Object
    Path="C:\SharedFolder\CControl_Gschneitner\Logical\Libraries\LaEntfV2\Constants.var"
    LogicalPath="Libraries.LaEntfV2.Constants.var"
    Type="File"
    LastWriteTime="134232640648189345"
    Private="false" />
  <Object
    Path="C:\SharedFolder\CControl_Gschneitner\Logical\Libraries\LaEntfV2\LaEntfV2.fun"
    LogicalPath="Libraries.LaEntfV2.LaEntfV2.fun"
    Type="File"
    LastWriteTime="134232640648189345"
    Private="false" />
  <Object
    Path="C:\SharedFolder\CControl_Gschneitner\Logical\Libraries\LaEntfV2\fbEntfOelsumpfheiz.st"
    LogicalPath="Libraries.LaEntfV2.fbEntfOelsumpfheiz.st"
    Type="File"
    LastWriteTime="134232640648189345"
    Private="false" />
  <Object
    Path="C:\SharedFolder\CControl_Gschneitner\Logical\Libraries\LaEntfV2\fbEntfKompressor.st"
    LogicalPath="Libraries.LaEntfV2.fbEntfKompressor.st"
    Type="File"
    LastWriteTime="134232640648189345"
    Private="false" />
  <Object
    Path="C:\SharedFolder\CControl_Gschneitner\Logical\Libraries\LaEntfV2\fbEntfFremd.st"
    LogicalPath="Libraries.LaEntfV2.fbEntfFremd.st"
    Type="File"
    LastWriteTime="134232640648189345"
    Private="false" />
  <Object
    Path="C:\SharedFolder\CControl_Gschneitner\Logical\Libraries\LascoBoxen\IEC.lby"
    LogicalPath="Libraries.LascoBoxen"
    Type="Library"
    LastWriteTime="134232640648189345" />
  <Object
    Path="C:\SharedFolder\CControl_Gschneitner\Logical\Libraries\LascoBoxen\Types.typ"
    LogicalPath="Libraries.LascoBoxen.Types.typ"
    Type="File"
    LastWriteTime="134292126748887463"
    Private="false" />
  <Object
    Path="C:\SharedFolder\CControl_Gschneitner\Logical\Libraries\LascoBoxen\Constants.var"
    LogicalPath="Libraries.LascoBoxen.Constants.var"
    Type="File"
    LastWriteTime="134232640648189345"
    Private="false" />
  <Object
    Path="C:\SharedFolder\CControl_Gschneitner\Logical\Libraries\LascoBoxen\LascoBoxen.fun"
    LogicalPath="Libraries.LascoBoxen.LascoBoxen.fun"
    Type="File"
    LastWriteTime="134291041492858922"
    Private="false" />
  <Object
    Path="C:\SharedFolder\CControl_Gschneitner\Logical\Libraries\LascoBoxen\fbBoxenKonfig.st"
    LogicalPath="Libraries.LascoBoxen.fbBoxenKonfig.st"
    Type="File"
    LastWriteTime="134232640648234266"
    Private="false" />
  <Object
    Path="C:\SharedFolder\CControl_Gschneitner\Logical\Libraries\LascoBoxen\fbBoxenVentKlappen.st"
    LogicalPath="Libraries.LascoBoxen.fbBoxenVentKlappen.st"
    Type="File"
    LastWriteTime="134232640648234266"
    Private="false" />
  <Object
    Path="C:\SharedFolder\CControl_Gschneitner\Logical\Libraries\LascoBoxen\fbBoxenKlappenanst.st"
    LogicalPath="Libraries.LascoBoxen.fbBoxenKlappenanst.st"
    Type="File"
    LastWriteTime="134232640648234266"
    Private="false" />
  <Object
    Path="C:\SharedFolder\CControl_Gschneitner\Logical\Libraries\LascoBoxen\fbBoxenAbluftkl.st"
    LogicalPath="Libraries.LascoBoxen.fbBoxenAbluftkl.st"
    Type="File"
    LastWriteTime="134232640648234266"
    Private="false" />
  <Object
    Path="C:\SharedFolder\CControl_Gschneitner\Logical\Libraries\LascoBoxen\fbBoxenAbluftvent.st"
    LogicalPath="Libraries.LascoBoxen.fbBoxenAbluftvent.st"
    Type="File"
    LastWriteTime="134232640648234266"
    Private="false" />
  <Object
    Path="C:\SharedFolder\CControl_Gschneitner\Logical\Libraries\LascoBoxen\fbBoxenUmschaltung.st"
    LogicalPath="Libraries.LascoBoxen.fbBoxenUmschaltung.st"
    Type="File"
    LastWriteTime="134232640648234266"
    Private="false" />
  <Object
    Path="C:\SharedFolder\CControl_Gschneitner\Logical\Libraries\LascoBoxen\fbBoxenWLO.st"
    LogicalPath="Libraries.LascoBoxen.fbBoxenWLO.st"
    Type="File"
    LastWriteTime="134232640648234266"
    Private="false" />
  <Object
    Path="C:\SharedFolder\CControl_Gschneitner\Logical\Libraries\LascoBoxen\fbBoxenHeizreg.st"
    LogicalPath="Libraries.LascoBoxen.fbBoxenHeizreg.st"
    Type="File"
    LastWriteTime="134232640648234266"
    Private="false" />
  <Object
    Path="C:\SharedFolder\CControl_Gschneitner\Logical\Libraries\LascoBoxen\fbBoxenNotstrom.st"
    LogicalPath="Libraries.LascoBoxen.fbBoxenNotstrom.st"
    Type="File"
    LastWriteTime="134232640648234266"
    Private="false" />
  <Object
    Path="C:\SharedFolder\CControl_Gschneitner\Logical\Libraries\LascoBoxen\fbBoxenSHO.st"
    LogicalPath="Libraries.LascoBoxen.fbBoxenSHO.st"
    Type="File"
    LastWriteTime="134232640648234266"
    Private="false" />
  <Object
    Path="C:\SharedFolder\CControl_Gschneitner\Logical\Libraries\LascoBoxen\fbBoxenLuftmengen.st"
    LogicalPath="Libraries.LascoBoxen.fbBoxenLuftmengen.st"
    Type="File"
    LastWriteTime="134232640648234266"
    Private="false" />
  <Object
    Path="C:\SharedFolder\CControl_Gschneitner\Logical\Libraries\LascoBoxen\fbRestzeit.st"
    LogicalPath="Libraries.LascoBoxen.fbRestzeit.st"
    Type="File"
    LastWriteTime="134232640648234266"
    Private="false" />
  <Object
    Path="C:\SharedFolder\CControl_Gschneitner\Logical\Libraries\LoopConR\Binary.lby"
    LogicalPath="Libraries.LoopConR"
    Type="Library"
    LastWriteTime="134232640648486251" />
  <Object
    Path="C:\SharedFolder\CControl_Gschneitner\Logical\Libraries\LoopConR\LoopConR.var"
    LogicalPath="Libraries.LoopConR.LoopConR.var"
    Type="File"
    LastWriteTime="134232640648506667"
    Private="false" />
  <Object
    Path="C:\SharedFolder\CControl_Gschneitner\Logical\Libraries\LoopConR\LoopConR.typ"
    LogicalPath="Libraries.LoopConR.LoopConR.typ"
    Type="File"
    LastWriteTime="134232640648486251"
    Private="false" />
  <Object
    Path="C:\SharedFolder\CControl_Gschneitner\Logical\Libraries\LoopConR\LoopConR.fun"
    LogicalPath="Libraries.LoopConR.LoopConR.fun"
    Type="File"
    LastWriteTime="134232640648486251"
    Private="false" />
  <Object
    Path="C:\SharedFolder\CControl_Gschneitner\Logical\Libraries\brsystem\Binary.lby"
    LogicalPath="Libraries.brsystem"
    Type="Library"
    LastWriteTime="134232640648843662" />
  <Object
    Path="C:\SharedFolder\CControl_Gschneitner\Logical\Libraries\brsystem\brsystem.fun"
    LogicalPath="Libraries.brsystem.brsystem.fun"
    Type="File"
    LastWriteTime="134232640648843662"
    Private="false" />
  <Object
    Path="C:\SharedFolder\CControl_Gschneitner\Logical\Libraries\brsystem\brsystem.typ"
    LogicalPath="Libraries.brsystem.brsystem.typ"
    Type="File"
    LastWriteTime="134232640648843662"
    Private="false" />
  <Object
    Path="C:\SharedFolder\CControl_Gschneitner\Logical\Libraries\brsystem\brsystem.var"
    LogicalPath="Libraries.brsystem.brsystem.var"
    Type="File"
    LastWriteTime="134232640648843662"
    Private="false" />
  <Object
    Path="C:\SharedFolder\CControl_Gschneitner\Logical\Libraries\asstring\Binary.lby"
    LogicalPath="Libraries.asstring"
    Type="Library"
    LastWriteTime="134232640648800107" />
  <Object
    Path="C:\SharedFolder\CControl_Gschneitner\Logical\Libraries\asstring\asstring.fun"
    LogicalPath="Libraries.asstring.asstring.fun"
    Type="File"
    LastWriteTime="134232640648800107"
    Private="false" />
  <Object
    Path="C:\SharedFolder\CControl_Gschneitner\Logical\Libraries\asstring\asstring.typ"
    LogicalPath="Libraries.asstring.asstring.typ"
    Type="File"
    LastWriteTime="134232640648800107"
    Private="false" />
  <Object
    Path="C:\SharedFolder\CControl_Gschneitner\Logical\Libraries\asstring\asstring.var"
    LogicalPath="Libraries.asstring.asstring.var"
    Type="File"
    LastWriteTime="134232640648800107"
    Private="false" />
  <Object
    Path="C:\SharedFolder\CControl_Gschneitner\Logical\Libraries\FileIO\Binary.lby"
    LogicalPath="Libraries.FileIO"
    Type="Library"
    LastWriteTime="134232640648125880" />
  <Object
    Path="C:\SharedFolder\CControl_Gschneitner\Logical\Libraries\FileIO\FileIO.fun"
    LogicalPath="Libraries.FileIO.FileIO.fun"
    Type="File"
    LastWriteTime="134232640648125880"
    Private="false" />
  <Object
    Path="C:\SharedFolder\CControl_Gschneitner\Logical\Libraries\FileIO\FileIO.typ"
    LogicalPath="Libraries.FileIO.FileIO.typ"
    Type="File"
    LastWriteTime="134232640648125880"
    Private="false" />
  <Object
    Path="C:\SharedFolder\CControl_Gschneitner\Logical\Libraries\FileIO\FileIO.var"
    LogicalPath="Libraries.FileIO.FileIO.var"
    Type="File"
    LastWriteTime="134232640648125880"
    Private="false" />
  <Object
    Path="C:\SharedFolder\CControl_Gschneitner\Logical\Libraries\DataObj\Binary.lby"
    LogicalPath="Libraries.DataObj"
    Type="Library"
    LastWriteTime="134232640648125880" />
  <Object
    Path="C:\SharedFolder\CControl_Gschneitner\Logical\Libraries\DataObj\DataObj.fun"
    LogicalPath="Libraries.DataObj.DataObj.fun"
    Type="File"
    LastWriteTime="134232640648125880"
    Private="false" />
  <Object
    Path="C:\SharedFolder\CControl_Gschneitner\Logical\Libraries\DataObj\DataObj.typ"
    LogicalPath="Libraries.DataObj.DataObj.typ"
    Type="File"
    LastWriteTime="134232640648125880"
    Private="false" />
  <Object
    Path="C:\SharedFolder\CControl_Gschneitner\Logical\Libraries\DataObj\DataObj.var"
    LogicalPath="Libraries.DataObj.DataObj.var"
    Type="File"
    LastWriteTime="134232640648125880"
    Private="false" />
  <Object
    Path="C:\SharedFolder\CControl_Gschneitner\Logical\Libraries\AsARCfg\Binary.lby"
    LogicalPath="Libraries.AsARCfg"
    Type="Library"
    LastWriteTime="134232640647998340" />
  <Object
    Path="C:\SharedFolder\CControl_Gschneitner\Logical\Libraries\AsARCfg\AsARCfg.fun"
    LogicalPath="Libraries.AsARCfg.AsARCfg.fun"
    Type="File"
    LastWriteTime="134232640647998340"
    Private="false" />
  <Object
    Path="C:\SharedFolder\CControl_Gschneitner\Logical\Libraries\AsARCfg\AsARCfg.typ"
    LogicalPath="Libraries.AsARCfg.AsARCfg.typ"
    Type="File"
    LastWriteTime="134232640647998340"
    Private="false" />
  <Object
    Path="C:\SharedFolder\CControl_Gschneitner\Logical\Libraries\AsARCfg\AsARCfg.var"
    LogicalPath="Libraries.AsARCfg.AsARCfg.var"
    Type="File"
    LastWriteTime="134232640647998340"
    Private="false" />
  <Object
    Path="C:\SharedFolder\CControl_Gschneitner\Logical\Libraries\visapi\Binary.lby"
    LogicalPath="Libraries.visapi"
    Type="Library"
    LastWriteTime="134232640648961133" />
  <Object
    Path="C:\SharedFolder\CControl_Gschneitner\Logical\Libraries\visapi\Visapi.typ"
    LogicalPath="Libraries.visapi.Visapi.typ"
    Type="File"
    LastWriteTime="134232640649017570"
    Private="false" />
  <Object
    Path="C:\SharedFolder\CControl_Gschneitner\Logical\Libraries\visapi\Visapi.fun"
    LogicalPath="Libraries.visapi.Visapi.fun"
    Type="File"
    LastWriteTime="134232640649017570"
    Private="false" />
  <Object
    Path="C:\SharedFolder\CControl_Gschneitner\Logical\Libraries\visapi\Visapi.var"
    LogicalPath="Libraries.visapi.Visapi.var"
    Type="File"
    LastWriteTime="134232640649017570"
    Private="false" />
  <Object
    Path="C:\SharedFolder\CControl_Gschneitner\Logical\Libraries\AsUSB\Binary.lby"
    LogicalPath="Libraries.AsUSB"
    Type="Library"
    LastWriteTime="134232640648125880" />
  <Object
    Path="C:\SharedFolder\CControl_Gschneitner\Logical\Libraries\AsUSB\AsUSB.fun"
    LogicalPath="Libraries.AsUSB.AsUSB.fun"
    Type="File"
    LastWriteTime="134232640648077344"
    Private="false" />
  <Object
    Path="C:\SharedFolder\CControl_Gschneitner\Logical\Libraries\AsUSB\AsUSB.typ"
    LogicalPath="Libraries.AsUSB.AsUSB.typ"
    Type="File"
    LastWriteTime="134232640648125880"
    Private="false" />
  <Object
    Path="C:\SharedFolder\CControl_Gschneitner\Logical\Libraries\AsUSB\AsUSB.var"
    LogicalPath="Libraries.AsUSB.AsUSB.var"
    Type="File"
    LastWriteTime="134232640648125880"
    Private="false" />
  <Object
    Path="C:\SharedFolder\CControl_Gschneitner\Logical\Libraries\dvframe\Binary.lby"
    LogicalPath="Libraries.dvframe"
    Type="Library"
    LastWriteTime="134232640648843662" />
  <Object
    Path="C:\SharedFolder\CControl_Gschneitner\Logical\Libraries\dvframe\dvframe.fun"
    LogicalPath="Libraries.dvframe.dvframe.fun"
    Type="File"
    LastWriteTime="134232640648843662"
    Private="false" />
  <Object
    Path="C:\SharedFolder\CControl_Gschneitner\Logical\Libraries\dvframe\dvframe.typ"
    LogicalPath="Libraries.dvframe.dvframe.typ"
    Type="File"
    LastWriteTime="134232640648843662"
    Private="false" />
  <Object
    Path="C:\SharedFolder\CControl_Gschneitner\Logical\Libraries\dvframe\dvframe.var"
    LogicalPath="Libraries.dvframe.dvframe.var"
    Type="File"
    LastWriteTime="134232640648843662"
    Private="false" />
  <Object
    Path="C:\SharedFolder\CControl_Gschneitner\Logical\Libraries\IecCheck\IEC.lby"
    LogicalPath="Libraries.IecCheck"
    Type="Library"
    LastWriteTime="134232640648189345" />
  <Object
    Path="C:\SharedFolder\CControl_Gschneitner\Logical\Libraries\IecCheck\IecCheck.fun"
    LogicalPath="Libraries.IecCheck.IecCheck.fun"
    Type="File"
    LastWriteTime="134232640648189345"
    Private="false" />
  <Object
    Path="C:\SharedFolder\CControl_Gschneitner\Logical\Libraries\IecCheck\IecCheck.st"
    LogicalPath="Libraries.IecCheck.IecCheck.st"
    Type="File"
    LastWriteTime="134232640648189345"
    Private="false" />
  <Object
    Path="C:\SharedFolder\CControl_Gschneitner\Logical\Libraries\AsTCP\binary.lby"
    LogicalPath="Libraries.AsTCP"
    Type="Library"
    LastWriteTime="134232640648077344" />
  <Object
    Path="C:\SharedFolder\CControl_Gschneitner\Logical\Libraries\AsTCP\AsTCP.fun"
    LogicalPath="Libraries.AsTCP.AsTCP.fun"
    Type="File"
    LastWriteTime="134232640648077344"
    Private="false" />
  <Object
    Path="C:\SharedFolder\CControl_Gschneitner\Logical\Libraries\AsTCP\AsTCP.typ"
    LogicalPath="Libraries.AsTCP.AsTCP.typ"
    Type="File"
    LastWriteTime="134232640648077344"
    Private="false" />
  <Object
    Path="C:\SharedFolder\CControl_Gschneitner\Logical\Libraries\AsTCP\AsTCP.var"
    LogicalPath="Libraries.AsTCP.AsTCP.var"
    Type="File"
    LastWriteTime="134232640648077344"
    Private="false" />
  <Object
    Path="C:\SharedFolder\CControl_Gschneitner\Logical\Libraries\CControl\IEC.lby"
    LogicalPath="Libraries.CControl"
    Type="Library"
    LastWriteTime="134232640648125880" />
  <Object
    Path="C:\SharedFolder\CControl_Gschneitner\Logical\Libraries\CControl\Types.typ"
    LogicalPath="Libraries.CControl.Types.typ"
    Type="File"
    LastWriteTime="134232640648125880"
    Private="false" />
  <Object
    Path="C:\SharedFolder\CControl_Gschneitner\Logical\Libraries\CControl\Constants.var"
    LogicalPath="Libraries.CControl.Constants.var"
    Type="File"
    LastWriteTime="134232640648125880"
    Private="false" />
  <Object
    Path="C:\SharedFolder\CControl_Gschneitner\Logical\Libraries\CControl\CControl.fun"
    LogicalPath="Libraries.CControl.CControl.fun"
    Type="File"
    LastWriteTime="134232640648125880"
    Private="false" />
  <Object
    Path="C:\SharedFolder\CControl_Gschneitner\Logical\Libraries\CControl\fbCControlWitterung.st"
    LogicalPath="Libraries.CControl.fbCControlWitterung.st"
    Type="File"
    LastWriteTime="134232640648125880"
    Private="false" />
  <Object
    Path="C:\SharedFolder\CControl_Gschneitner\Logical\Libraries\MpBase\Binary.lby"
    LogicalPath="Libraries.MpBase"
    Type="Library"
    LastWriteTime="134272207287156930" />
  <Object
    Path="C:\SharedFolder\CControl_Gschneitner\Logical\Libraries\MpBase\MpBase.var"
    LogicalPath="Libraries.MpBase.MpBase.var"
    Type="File"
    LastWriteTime="134261673019871900"
    Private="false" />
  <Object
    Path="C:\SharedFolder\CControl_Gschneitner\Logical\Libraries\MpBase\MpBase.typ"
    LogicalPath="Libraries.MpBase.MpBase.typ"
    Type="File"
    LastWriteTime="134261673019881841"
    Private="false" />
  <Object
    Path="C:\SharedFolder\CControl_Gschneitner\Logical\Libraries\MpBase\MpBase.fun"
    LogicalPath="Libraries.MpBase.MpBase.fun"
    Type="File"
    LastWriteTime="134261673019881841"
    Private="false" />
  <Object
    Path="C:\SharedFolder\CControl_Gschneitner\Logical\Libraries\MpBase\Common_EventLog.tmx"
    LogicalPath="Libraries.MpBase.Common_EventLog.tmx"
    Type="File"
    LastWriteTime="134261673019895049"
    Private="false" />
  <Object
    Path="C:\SharedFolder\CControl_Gschneitner\Logical\Libraries\MpFile\Binary.lby"
    LogicalPath="Libraries.MpFile"
    Type="Library"
    LastWriteTime="134272207287323364" />
  <Object
    Path="C:\SharedFolder\CControl_Gschneitner\Logical\Libraries\MpFile\MpFile.typ"
    LogicalPath="Libraries.MpFile.MpFile.typ"
    Type="File"
    LastWriteTime="134272199118020819"
    Private="false" />
  <Object
    Path="C:\SharedFolder\CControl_Gschneitner\Logical\Libraries\MpFile\MpFileError.typ"
    LogicalPath="Libraries.MpFile.MpFileError.typ"
    Type="File"
    LastWriteTime="134272199118031360"
    Private="false" />
  <Object
    Path="C:\SharedFolder\CControl_Gschneitner\Logical\Libraries\MpFile\MpFileAlarm.typ"
    LogicalPath="Libraries.MpFile.MpFileAlarm.typ"
    Type="File"
    LastWriteTime="134272199118041456"
    Private="false" />
  <Object
    Path="C:\SharedFolder\CControl_Gschneitner\Logical\Libraries\MpFile\MpFile.fun"
    LogicalPath="Libraries.MpFile.MpFile.fun"
    Type="File"
    LastWriteTime="134272199118055420"
    Private="false" />
  <Object
    Path="C:\SharedFolder\CControl_Gschneitner\Logical\Libraries\MpRecipe\Binary.lby"
    LogicalPath="Libraries.MpRecipe"
    Type="Library"
    LastWriteTime="134272207287323364" />
  <Object
    Path="C:\SharedFolder\CControl_Gschneitner\Logical\Libraries\MpRecipe\MpRecipe.typ"
    LogicalPath="Libraries.MpRecipe.MpRecipe.typ"
    Type="File"
    LastWriteTime="134272199128092485"
    Private="false" />
  <Object
    Path="C:\SharedFolder\CControl_Gschneitner\Logical\Libraries\MpRecipe\MpRecipeAlarm.typ"
    LogicalPath="Libraries.MpRecipe.MpRecipeAlarm.typ"
    Type="File"
    LastWriteTime="134272199128092485"
    Private="false" />
  <Object
    Path="C:\SharedFolder\CControl_Gschneitner\Logical\Libraries\MpRecipe\MpRecipeError.typ"
    LogicalPath="Libraries.MpRecipe.MpRecipeError.typ"
    Type="File"
    LastWriteTime="134272199128156693"
    Private="false" />
  <Object
    Path="C:\SharedFolder\CControl_Gschneitner\Logical\Libraries\MpRecipe\MpRecipe.fun"
    LogicalPath="Libraries.MpRecipe.MpRecipe.fun"
    Type="File"
    LastWriteTime="134272199128156693"
    Private="false" />
  <Object
    Path="C:\SharedFolder\CControl_Gschneitner\Logical\Util\Package.pkg"
    LogicalPath="Util"
    Type="Package"
    LastWriteTime="134232640649122174" />
  <Object
    Path="C:\SharedFolder\CControl_Gschneitner\Logical\Util\eUhr\IEC.prg"
    LogicalPath="Util.eUhr"
    Type="Program"
    LastWriteTime="134232640649122174" />
  <Object
    Path="C:\SharedFolder\CControl_Gschneitner\Logical\Util\eUhr\eUhrCyclic.st"
    LogicalPath="Util.eUhr.eUhrCyclic.st"
    Type="File"
    LastWriteTime="134232640649122174"
    Private="false" />
  <Object
    Path="C:\SharedFolder\CControl_Gschneitner\Logical\Util\eUhr\eUhr.var"
    LogicalPath="Util.eUhr.eUhr.var"
    Type="File"
    LastWriteTime="134232640649122174"
    Private="true" />
  <Object
    Path="C:\SharedFolder\CControl_Gschneitner\Logical\Util\Nutzung\IEC.prg"
    LogicalPath="Util.Nutzung"
    Type="Program"
    LastWriteTime="134232640649122174" />
  <Object
    Path="C:\SharedFolder\CControl_Gschneitner\Logical\Util\Nutzung\Nutzung.st"
    LogicalPath="Util.Nutzung.Nutzung.st"
    Type="File"
    LastWriteTime="134232640649122174"
    Private="false" />
  <Object
    Path="C:\SharedFolder\CControl_Gschneitner\Logical\Util\Nutzung\Nutzung.var"
    LogicalPath="Util.Nutzung.Nutzung.var"
    Type="File"
    LastWriteTime="134232640649122174"
    Private="true" />
  <Object
    Path="C:\SharedFolder\CControl_Gschneitner\Logical\Util\System\IEC.prg"
    LogicalPath="Util.System"
    Type="Program"
    LastWriteTime="134232640649122174" />
  <Object
    Path="C:\SharedFolder\CControl_Gschneitner\Logical\Util\System\System.st"
    LogicalPath="Util.System.System.st"
    Type="File"
    LastWriteTime="134232640649122174"
    Private="false" />
  <Object
    Path="C:\SharedFolder\CControl_Gschneitner\Logical\Util\System\System.var"
    LogicalPath="Util.System.System.var"
    Type="File"
    LastWriteTime="134232640649122174"
    Private="true" />
  <Object
    Path="C:\SharedFolder\CControl_Gschneitner\Logical\Util\mappPara\IEC.prg"
    LogicalPath="Util.mappPara"
    Type="Program"
    LastWriteTime="134232640649122174" />
  <Object
    Path="C:\SharedFolder\CControl_Gschneitner\Logical\Util\mappPara\Main.st"
    LogicalPath="Util.mappPara.Main.st"
    Type="File"
    LastWriteTime="134232640649122174"
    Private="false" />
  <Object
    Path="C:\SharedFolder\CControl_Gschneitner\Logical\Util\mappPara\Types.typ"
    LogicalPath="Util.mappPara.Types.typ"
    Type="File"
    LastWriteTime="134232640649122174"
    Private="true" />
  <Object
    Path="C:\SharedFolder\CControl_Gschneitner\Logical\Util\mappPara\Variables.var"
    LogicalPath="Util.mappPara.Variables.var"
    Type="File"
    LastWriteTime="134232640649122174"
    Private="true" />
  <Object
    Path="C:\SharedFolder\CControl_Gschneitner\Logical\IO\Package.pkg"
    LogicalPath="IO"
    Type="Package"
    LastWriteTime="134232640647758834" />
  <Object
    Path="C:\SharedFolder\CControl_Gschneitner\Logical\IO\InputOutput.var"
    LogicalPath="IO.InputOutput.var"
    Type="File"
    LastWriteTime="134232640647758834"
    Private="false" />
  <Object
    Path="C:\SharedFolder\CControl_Gschneitner\Logical\IO\InputOutput.typ"
    LogicalPath="IO.InputOutput.typ"
    Type="File"
    LastWriteTime="134232640647758834"
    Private="false" />
  <Object
    Path="C:\SharedFolder\CControl_Gschneitner\Logical\IO\io304\IEC.prg"
    LogicalPath="IO.io304"
    Type="Program"
    LastWriteTime="134232640647917846" />
  <Object
    Path="C:\SharedFolder\CControl_Gschneitner\Logical\IO\io304\Main.st"
    LogicalPath="IO.io304.Main.st"
    Type="File"
    LastWriteTime="134232640647917846"
    Private="false" />
  <Object
    Path="C:\SharedFolder\CControl_Gschneitner\Logical\IO\io304\Types.typ"
    LogicalPath="IO.io304.Types.typ"
    Type="File"
    LastWriteTime="134232640647917846"
    Private="true" />
  <Object
    Path="C:\SharedFolder\CControl_Gschneitner\Logical\IO\io304\Variables.var"
    LogicalPath="IO.io304.Variables.var"
    Type="File"
    LastWriteTime="134232640647917846"
    Private="true" />
  <Object
    Path="C:\SharedFolder\CControl_Gschneitner\Logical\IO\io307\IEC.prg"
    LogicalPath="IO.io307"
    Type="Program"
    LastWriteTime="134232640647917846" />
  <Object
    Path="C:\SharedFolder\CControl_Gschneitner\Logical\IO\io307\Main.st"
    LogicalPath="IO.io307.Main.st"
    Type="File"
    LastWriteTime="134232640647917846"
    Private="false" />
  <Object
    Path="C:\SharedFolder\CControl_Gschneitner\Logical\IO\io307\Types.typ"
    LogicalPath="IO.io307.Types.typ"
    Type="File"
    LastWriteTime="134232640647917846"
    Private="true" />
  <Object
    Path="C:\SharedFolder\CControl_Gschneitner\Logical\IO\io307\Variables.var"
    LogicalPath="IO.io307.Variables.var"
    Type="File"
    LastWriteTime="134232640647917846"
    Private="true" />
  <Object
    Path="C:\SharedFolder\CControl_Gschneitner\Logical\IO\io407\IEC.prg"
    LogicalPath="IO.io407"
    Type="Program"
    LastWriteTime="134232640647917846" />
  <Object
    Path="C:\SharedFolder\CControl_Gschneitner\Logical\IO\io407\Main.st"
    LogicalPath="IO.io407.Main.st"
    Type="File"
    LastWriteTime="134232640647917846"
    Private="false" />
  <Object
    Path="C:\SharedFolder\CControl_Gschneitner\Logical\IO\io407\Types.typ"
    LogicalPath="IO.io407.Types.typ"
    Type="File"
    LastWriteTime="134232640647917846"
    Private="true" />
  <Object
    Path="C:\SharedFolder\CControl_Gschneitner\Logical\IO\io407\Variables.var"
    LogicalPath="IO.io407.Variables.var"
    Type="File"
    LastWriteTime="134232640647917846"
    Private="true" />
  <Object
    Path="C:\SharedFolder\CControl_Gschneitner\Logical\IO\io407Plus\IEC.prg"
    LogicalPath="IO.io407Plus"
    Type="Program"
    LastWriteTime="134232640647917846" />
  <Object
    Path="C:\SharedFolder\CControl_Gschneitner\Logical\IO\io407Plus\Main.st"
    LogicalPath="IO.io407Plus.Main.st"
    Type="File"
    LastWriteTime="134232640647917846"
    Private="false" />
  <Object
    Path="C:\SharedFolder\CControl_Gschneitner\Logical\IO\io407Plus\Types.typ"
    LogicalPath="IO.io407Plus.Types.typ"
    Type="File"
    LastWriteTime="134232640647917846"
    Private="true" />
  <Object
    Path="C:\SharedFolder\CControl_Gschneitner\Logical\IO\io407Plus\Variables.var"
    LogicalPath="IO.io407Plus.Variables.var"
    Type="File"
    LastWriteTime="134232640647917846"
    Private="true" />
  <Object
    Path="C:\SharedFolder\CControl_Gschneitner\Logical\IO\ioHB4000\IEC.prg"
    LogicalPath="IO.ioHB4000"
    Type="Program"
    LastWriteTime="134232640647998340" />
  <Object
    Path="C:\SharedFolder\CControl_Gschneitner\Logical\IO\ioHB4000\Main.st"
    LogicalPath="IO.ioHB4000.Main.st"
    Type="File"
    LastWriteTime="134232640647998340"
    Private="false" />
  <Object
    Path="C:\SharedFolder\CControl_Gschneitner\Logical\IO\ioHB4000\Types.typ"
    LogicalPath="IO.ioHB4000.Types.typ"
    Type="File"
    LastWriteTime="134232640647998340"
    Private="true" />
  <Object
    Path="C:\SharedFolder\CControl_Gschneitner\Logical\IO\ioHB4000\Variables.var"
    LogicalPath="IO.ioHB4000.Variables.var"
    Type="File"
    LastWriteTime="134232640647998340"
    Private="true" />
  <Object
    Path="C:\SharedFolder\CControl_Gschneitner\Logical\IO\ioHB3000\IEC.prg"
    LogicalPath="IO.ioHB3000"
    Type="Program"
    LastWriteTime="134232640647998340" />
  <Object
    Path="C:\SharedFolder\CControl_Gschneitner\Logical\IO\ioHB3000\Main.st"
    LogicalPath="IO.ioHB3000.Main.st"
    Type="File"
    LastWriteTime="134232640647998340"
    Private="false" />
  <Object
    Path="C:\SharedFolder\CControl_Gschneitner\Logical\IO\ioHB3000\Types.typ"
    LogicalPath="IO.ioHB3000.Types.typ"
    Type="File"
    LastWriteTime="134232640647998340"
    Private="true" />
  <Object
    Path="C:\SharedFolder\CControl_Gschneitner\Logical\IO\ioHB3000\Variables.var"
    LogicalPath="IO.ioHB3000.Variables.var"
    Type="File"
    LastWriteTime="134232640647998340"
    Private="true" />
  <Object
    Path="C:\SharedFolder\CControl_Gschneitner\Logical\IO\aktorenMapping\IEC.prg"
    LogicalPath="IO.aktorenMapping"
    Type="Program"
    LastWriteTime="134289600238242964" />
  <Object
    Path="C:\SharedFolder\CControl_Gschneitner\Logical\IO\aktorenMapping\Main.st"
    LogicalPath="IO.aktorenMapping.Main.st"
    Type="File"
    LastWriteTime="134345459403179580"
    Private="false" />
  <Object
    Path="C:\SharedFolder\CControl_Gschneitner\Logical\IO\aktorenMapping\Variables.var"
    LogicalPath="IO.aktorenMapping.Variables.var"
    Type="File"
    LastWriteTime="134289600238242964"
    Private="true" />
  <Object
    Path="C:\SharedFolder\CControl_Gschneitner\Logical\IO\aktorenMapping\Types.typ"
    LogicalPath="IO.aktorenMapping.Types.typ"
    Type="File"
    LastWriteTime="134232640647917846"
    Private="true" />
  <Object
    Path="C:\SharedFolder\CControl_Gschneitner\Logical\IO\Energiemessung\IEC.prg"
    LogicalPath="IO.Energiemessung"
    Type="Program"
    LastWriteTime="134232640647758834" />
  <Object
    Path="C:\SharedFolder\CControl_Gschneitner\Logical\IO\Energiemessung\Energiemessung.st"
    LogicalPath="IO.Energiemessung.Energiemessung.st"
    Type="File"
    LastWriteTime="134232640647758834"
    Private="false" />
  <Object
    Path="C:\SharedFolder\CControl_Gschneitner\Logical\IO\Energiemessung\Energiemessung.typ"
    LogicalPath="IO.Energiemessung.Energiemessung.typ"
    Type="File"
    LastWriteTime="134232640647758834"
    Private="true" />
  <Object
    Path="C:\SharedFolder\CControl_Gschneitner\Logical\IO\Energiemessung\Energiemessung.var"
    LogicalPath="IO.Energiemessung.Energiemessung.var"
    Type="File"
    LastWriteTime="134232640647758834"
    Private="true" />
  <Object
    Path="C:\SharedFolder\CControl_Gschneitner\Logical\IO\boxenMapping\IEC.prg"
    LogicalPath="IO.boxenMapping"
    Type="Program"
    LastWriteTime="134232640647917846" />
  <Object
    Path="C:\SharedFolder\CControl_Gschneitner\Logical\IO\boxenMapping\Main.st"
    LogicalPath="IO.boxenMapping.Main.st"
    Type="File"
    LastWriteTime="134232640647917846"
    Private="false" />
  <Object
    Path="C:\SharedFolder\CControl_Gschneitner\Logical\IO\boxenMapping\Types.typ"
    LogicalPath="IO.boxenMapping.Types.typ"
    Type="File"
    LastWriteTime="134232640647917846"
    Private="true" />
  <Object
    Path="C:\SharedFolder\CControl_Gschneitner\Logical\IO\boxenMapping\Variables.var"
    LogicalPath="IO.boxenMapping.Variables.var"
    Type="File"
    LastWriteTime="134232640647917846"
    Private="true" />
  <Object
    Path="C:\SharedFolder\CControl_Gschneitner\Logical\IO\io207\IEC.prg"
    LogicalPath="IO.io207"
    Type="Program"
    LastWriteTime="134232640647917846" />
  <Object
    Path="C:\SharedFolder\CControl_Gschneitner\Logical\IO\io207\Main.st"
    LogicalPath="IO.io207.Main.st"
    Type="File"
    LastWriteTime="134232640647917846"
    Private="false" />
  <Object
    Path="C:\SharedFolder\CControl_Gschneitner\Logical\IO\io207\Types.typ"
    LogicalPath="IO.io207.Types.typ"
    Type="File"
    LastWriteTime="134232640647917846"
    Private="true" />
  <Object
    Path="C:\SharedFolder\CControl_Gschneitner\Logical\IO\io207\Variables.var"
    LogicalPath="IO.io207.Variables.var"
    Type="File"
    LastWriteTime="134232640647917846"
    Private="true" />
  <Object
    Path="C:\SharedFolder\CControl_Gschneitner\Logical\Berechnung\Package.pkg"
    LogicalPath="Berechnung"
    Type="Package"
    LastWriteTime="134232640647758834" />
  <Object
    Path="C:\SharedFolder\CControl_Gschneitner\Logical\Berechnung\Berechnungen.var"
    LogicalPath="Berechnung.Berechnungen.var"
    Type="File"
    LastWriteTime="134232640647758834"
    Private="false" />
  <Object
    Path="C:\SharedFolder\CControl_Gschneitner\Logical\Berechnung\Berechnung\IEC.prg"
    LogicalPath="Berechnung.Berechnung"
    Type="Program"
    LastWriteTime="134232640647758834" />
  <Object
    Path="C:\SharedFolder\CControl_Gschneitner\Logical\Berechnung\Berechnung\Berechnung.st"
    LogicalPath="Berechnung.Berechnung.Berechnung.st"
    Type="File"
    LastWriteTime="134232640647758834"
    Private="false" />
  <Object
    Path="C:\SharedFolder\CControl_Gschneitner\Logical\Berechnung\Berechnung\Berechnung.var"
    LogicalPath="Berechnung.Berechnung.Berechnung.var"
    Type="File"
    LastWriteTime="134232640647758834"
    Private="true" />
  <Object
    Path="C:\SharedFolder\CControl_Gschneitner\Logical\Alarmsystem\Package.pkg"
    LogicalPath="Alarmsystem"
    Type="Package"
    LastWriteTime="134232640647758834" />
  <Object
    Path="C:\SharedFolder\CControl_Gschneitner\Logical\Alarmsystem\Alarm\IEC.prg"
    LogicalPath="Alarmsystem.Alarm"
    Type="Program"
    LastWriteTime="134232640647758834" />
  <Object
    Path="C:\SharedFolder\CControl_Gschneitner\Logical\Alarmsystem\Alarm\AlarmCyclic.st"
    LogicalPath="Alarmsystem.Alarm.AlarmCyclic.st"
    Type="File"
    LastWriteTime="134232640647758834"
    Private="false" />
  <Object
    Path="C:\SharedFolder\CControl_Gschneitner\Logical\Alarmsystem\Alarm\Alarm.var"
    LogicalPath="Alarmsystem.Alarm.Alarm.var"
    Type="File"
    LastWriteTime="134232640647758834"
    Private="true" />
  <Object
    Path="C:\SharedFolder\CControl_Gschneitner\Logical\Alarmsystem\Alarmsys.var"
    LogicalPath="Alarmsystem.Alarmsys.var"
    Type="File"
    LastWriteTime="134232640647758834"
    Private="false" />
  <Object
    Path="C:\SharedFolder\CControl_Gschneitner\Logical\Ablaufsteuerung\Package.pkg"
    LogicalPath="Ablaufsteuerung"
    Type="Package"
    LastWriteTime="134232640647758834" />
  <Object
    Path="C:\SharedFolder\CControl_Gschneitner\Logical\Ablaufsteuerung\Ablaufstrg\IEC.prg"
    LogicalPath="Ablaufsteuerung.Ablaufstrg"
    Type="Program"
    LastWriteTime="134232640647758834" />
  <Object
    Path="C:\SharedFolder\CControl_Gschneitner\Logical\Ablaufsteuerung\Ablaufstrg\Ablaufstrg.st"
    LogicalPath="Ablaufsteuerung.Ablaufstrg.Ablaufstrg.st"
    Type="File"
    LastWriteTime="134232640647676822"
    Private="false" />
  <Object
    Path="C:\SharedFolder\CControl_Gschneitner\Logical\Ablaufsteuerung\Ablaufstrg\Ablaufstrg.var"
    LogicalPath="Ablaufsteuerung.Ablaufstrg.Ablaufstrg.var"
    Type="File"
    LastWriteTime="134232640647676822"
    Private="true" />
  <Object
    Path="C:\SharedFolder\CControl_Gschneitner\Logical\Ablaufsteuerung\Ablaufstrg\actionUpdateStatus.st"
    LogicalPath="Ablaufsteuerung.Ablaufstrg.actionUpdateStatus.st"
    Type="File"
    LastWriteTime="134232640647758834"
    Private="false" />
  <Object
    Path="C:\SharedFolder\CControl_Gschneitner\Logical\Ablaufsteuerung\Ablaufstrg\actionStillstand.st"
    LogicalPath="Ablaufsteuerung.Ablaufstrg.actionStillstand.st"
    Type="File"
    LastWriteTime="134232640647758834"
    Private="false" />
  <Object
    Path="C:\SharedFolder\CControl_Gschneitner\Logical\Ablaufsteuerung\Ablaufstrg\actionBetrieb.st"
    LogicalPath="Ablaufsteuerung.Ablaufstrg.actionBetrieb.st"
    Type="File"
    LastWriteTime="134232640647758834"
    Private="false" />
  <Object
    Path="C:\SharedFolder\CControl_Gschneitner\Logical\Steuerung\Package.pkg"
    LogicalPath="Steuerung"
    Type="Package"
    LastWriteTime="134232640649122174" />
  <Object
    Path="C:\SharedFolder\CControl_Gschneitner\Logical\Steuerung\StartStopp\IEC.prg"
    LogicalPath="Steuerung.StartStopp"
    Type="Program"
    LastWriteTime="134232640649122174" />
  <Object
    Path="C:\SharedFolder\CControl_Gschneitner\Logical\Steuerung\StartStopp\StartStopp.st"
    LogicalPath="Steuerung.StartStopp.StartStopp.st"
    Type="File"
    LastWriteTime="134232640649122174"
    Private="false" />
  <Object
    Path="C:\SharedFolder\CControl_Gschneitner\Logical\Steuerung\StartStopp\StartStopp.var"
    LogicalPath="Steuerung.StartStopp.StartStopp.var"
    Type="File"
    LastWriteTime="134232640649122174"
    Private="true" />
  <Object
    Path="C:\SharedFolder\CControl_Gschneitner\Logical\Regelung\Package.pkg"
    LogicalPath="Regelung"
    Type="Package"
    LastWriteTime="134232640649017570" />
  <Object
    Path="C:\SharedFolder\CControl_Gschneitner\Logical\Regelung\Leistung\IEC.prg"
    LogicalPath="Regelung.Leistung"
    Type="Program"
    LastWriteTime="134232640649017570" />
  <Object
    Path="C:\SharedFolder\CControl_Gschneitner\Logical\Regelung\Leistung\Leistung.st"
    LogicalPath="Regelung.Leistung.Leistung.st"
    Type="File"
    LastWriteTime="134345514535841613"
    Private="false" />
  <Object
    Path="C:\SharedFolder\CControl_Gschneitner\Logical\Regelung\Leistung\Leistung.var"
    LogicalPath="Regelung.Leistung.Leistung.var"
    Type="File"
    LastWriteTime="134232640649017570"
    Private="true" />
  <Object
    Path="C:\SharedFolder\CControl_Gschneitner\Logical\Regelung\RegelungIO.var"
    LogicalPath="Regelung.RegelungIO.var"
    Type="File"
    LastWriteTime="134232640649122174"
    Private="false" />
  <Object
    Path="C:\SharedFolder\CControl_Gschneitner\Logical\Regelung\RegelungIO.typ"
    LogicalPath="Regelung.RegelungIO.typ"
    Type="File"
    LastWriteTime="134232640649122174"
    Private="false" />
  <Object
    Path="C:\SharedFolder\CControl_Gschneitner\Logical\Visualisierung\Package.pkg"
    LogicalPath="Visualisierung"
    Type="Package"
    LastWriteTime="134232640649334592" />
  <Object
    Path="C:\SharedFolder\CControl_Gschneitner\Logical\Visualisierung\hmiMain\IEC.prg"
    LogicalPath="Visualisierung.hmiMain"
    Type="Program"
    LastWriteTime="134232640655608232" />
  <Object
    Path="C:\SharedFolder\CControl_Gschneitner\Logical\Visualisierung\hmiMain\Main.st"
    LogicalPath="Visualisierung.hmiMain.Main.st"
    Type="File"
    LastWriteTime="134345443399436834"
    Private="false" />
  <Object
    Path="C:\SharedFolder\CControl_Gschneitner\Logical\Visualisierung\hmiMain\Types.typ"
    LogicalPath="Visualisierung.hmiMain.Types.typ"
    Type="File"
    LastWriteTime="134232640655608232"
    Private="true" />
  <Object
    Path="C:\SharedFolder\CControl_Gschneitner\Logical\Visualisierung\hmiMain\Variables.var"
    LogicalPath="Visualisierung.hmiMain.Variables.var"
    Type="File"
    LastWriteTime="134232640655608232"
    Private="true" />
  <Object
    Path="C:\SharedFolder\CControl_Gschneitner\Logical\Visualisierung\hmiConnect\IEC.prg"
    LogicalPath="Visualisierung.hmiConnect"
    Type="Program"
    LastWriteTime="134232640655608232" />
  <Object
    Path="C:\SharedFolder\CControl_Gschneitner\Logical\Visualisierung\hmiConnect\Main.st"
    LogicalPath="Visualisierung.hmiConnect.Main.st"
    Type="File"
    LastWriteTime="134232640655608232"
    Private="false" />
  <Object
    Path="C:\SharedFolder\CControl_Gschneitner\Logical\Visualisierung\hmiConnect\Types.typ"
    LogicalPath="Visualisierung.hmiConnect.Types.typ"
    Type="File"
    LastWriteTime="134232640655608232"
    Private="true" />
  <Object
    Path="C:\SharedFolder\CControl_Gschneitner\Logical\Visualisierung\hmiConnect\Variables.var"
    LogicalPath="Visualisierung.hmiConnect.Variables.var"
    Type="File"
    LastWriteTime="134345493678086864"
    Private="true" />
  <Object
    Path="C:\SharedFolder\CControl_Gschneitner\Logical\Visualisierung\Visu\Vc.dob"
    LogicalPath="Visualisierung.Visu"
    Type="DataObject"
    LastWriteTime="134232640652971226" />
  <Object
    Path="C:\SharedFolder\CControl_Gschneitner\Logical\Visualisierung\Visu\VCObject.vc"
    LogicalPath="Visualisierung.Visu.VCObject.vc"
    Type="File"
    LastWriteTime="134232640652971226"
    Private="false" />
  <Object
    Path="C:\SharedFolder\CControl_Gschneitner\Logical\Visualisierung\Visu4Z\Vc.dob"
    LogicalPath="Visualisierung.Visu4Z"
    Type="DataObject"
    LastWriteTime="134232640655608232" />
  <Object
    Path="C:\SharedFolder\CControl_Gschneitner\Logical\Visualisierung\Visu4Z\VCObject.vc"
    LogicalPath="Visualisierung.Visu4Z.VCObject.vc"
    Type="File"
    LastWriteTime="134232640655608232"
    Private="false" />
  <Object
    Path="C:\SharedFolder\CControl_Gschneitner\Logical\CSV\Package.pkg"
    LogicalPath="CSV"
    Type="Package"
    LastWriteTime="134232640647758834" />
  <Object
    Path="C:\SharedFolder\CControl_Gschneitner\Logical\CSV\CSV_Global.typ"
    LogicalPath="CSV.CSV_Global.typ"
    Type="File"
    LastWriteTime="134232640647758834"
    Private="false" />
  <Object
    Path="C:\SharedFolder\CControl_Gschneitner\Logical\CSV\CSV_Global.var"
    LogicalPath="CSV.CSV_Global.var"
    Type="File"
    LastWriteTime="134232640647758834"
    Private="false" />
  <Object
    Path="C:\SharedFolder\CControl_Gschneitner\Logical\CSV\Library\Package.pkg"
    LogicalPath="CSV.Library"
    Type="Package"
    LastWriteTime="134232640647758834" />
  <Object
    Path="C:\SharedFolder\CControl_Gschneitner\Logical\CSV\Library\CSV\IEC.lby"
    LogicalPath="CSV.Library.CSV"
    Type="Library"
    LastWriteTime="134232640647758834" />
  <Object
    Path="C:\SharedFolder\CControl_Gschneitner\Logical\CSV\Library\CSV\CSV.fun"
    LogicalPath="CSV.Library.CSV.CSV.fun"
    Type="File"
    LastWriteTime="134232640647758834"
    Private="false" />
  <Object
    Path="C:\SharedFolder\CControl_Gschneitner\Logical\CSV\Library\CSV\CSV_Tick.ab"
    LogicalPath="CSV.Library.CSV.CSV_Tick.ab"
    Type="File"
    LastWriteTime="134232640647758834"
    Private="false" />
  <Object
    Path="C:\SharedFolder\CControl_Gschneitner\Logical\CSV\Library\CSV\CSV_itoa.ab"
    LogicalPath="CSV.Library.CSV.CSV_itoa.ab"
    Type="File"
    LastWriteTime="134232640647758834"
    Private="false" />
  <Object
    Path="C:\SharedFolder\CControl_Gschneitner\Logical\CSV\Library\CSV\CSV_GRP_date.ab"
    LogicalPath="CSV.Library.CSV.CSV_GRP_date.ab"
    Type="File"
    LastWriteTime="134232640647758834"
    Private="false" />
  <Object
    Path="C:\SharedFolder\CControl_Gschneitner\Logical\CSV\Library\CSV\CSV_GRP_time.ab"
    LogicalPath="CSV.Library.CSV.CSV_GRP_time.ab"
    Type="File"
    LastWriteTime="134232640647758834"
    Private="false" />
  <Object
    Path="C:\SharedFolder\CControl_Gschneitner\Logical\CSV\Library\CSV\CSV_GRP_timestamp.ab"
    LogicalPath="CSV.Library.CSV.CSV_GRP_timestamp.ab"
    Type="File"
    LastWriteTime="134232640647758834"
    Private="false" />
  <Object
    Path="C:\SharedFolder\CControl_Gschneitner\Logical\CSV\Library\CSV\CSV_QM_timestamp.ab"
    LogicalPath="CSV.Library.CSV.CSV_QM_timestamp.ab"
    Type="File"
    LastWriteTime="134232640647758834"
    Private="false" />
  <Object
    Path="C:\SharedFolder\CControl_Gschneitner\Logical\CSV\Library\CSV\CSV_atoLREAL.ab"
    LogicalPath="CSV.Library.CSV.CSV_atoLREAL.ab"
    Type="File"
    LastWriteTime="134232640647758834"
    Private="false" />
  <Object
    Path="C:\SharedFolder\CControl_Gschneitner\Logical\CSV\Library\CSV\CSV_UDINTtoa.ab"
    LogicalPath="CSV.Library.CSV.CSV_UDINTtoa.ab"
    Type="File"
    LastWriteTime="134232640647758834"
    Private="false" />
  <Object
    Path="C:\SharedFolder\CControl_Gschneitner\Logical\CSV\UsbLink\IEC.prg"
    LogicalPath="CSV.UsbLink"
    Type="Program"
    LastWriteTime="134232640647758834" />
  <Object
    Path="C:\SharedFolder\CControl_Gschneitner\Logical\CSV\UsbLink\UsbLink.st"
    LogicalPath="CSV.UsbLink.UsbLink.st"
    Type="File"
    LastWriteTime="134232640647758834"
    Private="false" />
  <Object
    Path="C:\SharedFolder\CControl_Gschneitner\Logical\CSV\UsbLink\UsbLink.typ"
    LogicalPath="CSV.UsbLink.UsbLink.typ"
    Type="File"
    LastWriteTime="134232640647758834"
    Private="true" />
  <Object
    Path="C:\SharedFolder\CControl_Gschneitner\Logical\CSV\UsbLink\UsbLink.var"
    LogicalPath="CSV.UsbLink.UsbLink.var"
    Type="File"
    LastWriteTime="134232640647758834"
    Private="true" />
  <Object
    Path="C:\SharedFolder\CControl_Gschneitner\Logical\CSV\CSV01_EXT\IEC.prg"
    LogicalPath="CSV.CSV01_EXT"
    Type="Program"
    LastWriteTime="134232640647758834" />
  <Object
    Path="C:\SharedFolder\CControl_Gschneitner\Logical\CSV\CSV01_EXT\CSV01_EXTCyclic.ab"
    LogicalPath="CSV.CSV01_EXT.CSV01_EXTCyclic.ab"
    Type="File"
    LastWriteTime="134232640647758834"
    Private="false" />
  <Object
    Path="C:\SharedFolder\CControl_Gschneitner\Logical\CSV\CSV01_EXT\CSV01_EXTInit.ab"
    LogicalPath="CSV.CSV01_EXT.CSV01_EXTInit.ab"
    Type="File"
    LastWriteTime="134232640647758834"
    Private="false" />
  <Object
    Path="C:\SharedFolder\CControl_Gschneitner\Logical\CSV\CSV01_EXT\CSV01_EXT.var"
    LogicalPath="CSV.CSV01_EXT.CSV01_EXT.var"
    Type="File"
    LastWriteTime="134232640647758834"
    Private="true" />
  <Object
    Path="C:\SharedFolder\CControl_Gschneitner\Logical\CSV\CSV01_PRG\IEC.prg"
    LogicalPath="CSV.CSV01_PRG"
    Type="Program"
    LastWriteTime="134232640647758834" />
  <Object
    Path="C:\SharedFolder\CControl_Gschneitner\Logical\CSV\CSV01_PRG\CSV01_PRGCyclic.ab"
    LogicalPath="CSV.CSV01_PRG.CSV01_PRGCyclic.ab"
    Type="File"
    LastWriteTime="134232640647758834"
    Private="false" />
  <Object
    Path="C:\SharedFolder\CControl_Gschneitner\Logical\CSV\CSV01_PRG\CSV01_PRGInit.ab"
    LogicalPath="CSV.CSV01_PRG.CSV01_PRGInit.ab"
    Type="File"
    LastWriteTime="134232640647758834"
    Private="false" />
  <Object
    Path="C:\SharedFolder\CControl_Gschneitner\Logical\CSV\CSV01_PRG\CSV01_PRG.var"
    LogicalPath="CSV.CSV01_PRG.CSV01_PRG.var"
    Type="File"
    LastWriteTime="134232640647758834"
    Private="true" />
  <Object
    Path="C:\SharedFolder\CControl_Gschneitner\Logical\CSV\CSV01_CFG\Simple.dob"
    LogicalPath="CSV.CSV01_CFG"
    Type="DataObject"
    LastWriteTime="134232640647758834" />
  <Object
    Path="C:\SharedFolder\CControl_Gschneitner\Logical\CSV\CSV01_CFG\CSV01_CFG.dat"
    LogicalPath="CSV.CSV01_CFG.CSV01_CFG.dat"
    Type="File"
    LastWriteTime="134232640647758834"
    Private="false" />
  <Object
    Path="C:\SharedFolder\CControl_Gschneitner\Logical\Sitemanager\Package.pkg"
    LogicalPath="Sitemanager"
    Type="Package"
    LastWriteTime="134232640649122174" />
  <Object
    Path="C:\SharedFolder\CControl_Gschneitner\Logical\Sitemanager\Sitemanager\IEC.prg"
    LogicalPath="Sitemanager.Sitemanager"
    Type="Program"
    LastWriteTime="134232640649122174" />
  <Object
    Path="C:\SharedFolder\CControl_Gschneitner\Logical\Sitemanager\Sitemanager\Client.st"
    LogicalPath="Sitemanager.Sitemanager.Client.st"
    Type="File"
    LastWriteTime="134232640649122174"
    Private="false" />
  <Object
    Path="C:\SharedFolder\CControl_Gschneitner\Logical\Sitemanager\Sitemanager\Client.typ"
    LogicalPath="Sitemanager.Sitemanager.Client.typ"
    Type="File"
    LastWriteTime="134232640649122174"
    Private="true" />
  <Object
    Path="C:\SharedFolder\CControl_Gschneitner\Logical\Sitemanager\Sitemanager\Client.var"
    LogicalPath="Sitemanager.Sitemanager.Client.var"
    Type="File"
    LastWriteTime="134232640649122174"
    Private="true" />
  <Object
    Path="C:\SharedFolder\CControl_Gschneitner\Logical\Parametersaetze\Package.pkg"
    LogicalPath="Parametersaetze"
    Type="Package"
    LastWriteTime="134232640649017570" />
  <Object
    Path="C:\SharedFolder\CControl_Gschneitner\Logical\Parametersaetze\304Plus\Package.pkg"
    LogicalPath="Parametersaetze.304Plus"
    Type="Package"
    LastWriteTime="134232640649017570" />
  <Object
    Path="C:\SharedFolder\CControl_Gschneitner\Logical\Parametersaetze\304Plus\304Werk.xml"
    LogicalPath="Parametersaetze.304Plus.304Werk.xml"
    Type="File"
    LastWriteTime="134232640649017570"
    Private="false" />
  <Object
    Path="C:\SharedFolder\CControl_Gschneitner\Logical\Parametersaetze\307\Package.pkg"
    LogicalPath="Parametersaetze.307"
    Type="Package"
    LastWriteTime="134232640649017570" />
  <Object
    Path="C:\SharedFolder\CControl_Gschneitner\Logical\Parametersaetze\307\307Werk.xml"
    LogicalPath="Parametersaetze.307.307Werk.xml"
    Type="File"
    LastWriteTime="134232640649017570"
    Private="false" />
  <Object
    Path="C:\SharedFolder\CControl_Gschneitner\Logical\Parametersaetze\407\Package.pkg"
    LogicalPath="Parametersaetze.407"
    Type="Package"
    LastWriteTime="134232640649017570" />
  <Object
    Path="C:\SharedFolder\CControl_Gschneitner\Logical\Parametersaetze\407\407Werk.xml"
    LogicalPath="Parametersaetze.407.407Werk.xml"
    Type="File"
    LastWriteTime="134232640649017570"
    Private="false" />
  <Object
    Path="C:\SharedFolder\CControl_Gschneitner\Logical\Parametersaetze\407Plus\Package.pkg"
    LogicalPath="Parametersaetze.407Plus"
    Type="Package"
    LastWriteTime="134232640649017570" />
  <Object
    Path="C:\SharedFolder\CControl_Gschneitner\Logical\Parametersaetze\407Plus\407PlusWerk.xml"
    LogicalPath="Parametersaetze.407Plus.407PlusWerk.xml"
    Type="File"
    LastWriteTime="134232640649017570"
    Private="false" />
  <Object
    Path="C:\SharedFolder\CControl_Gschneitner\Logical\Parametersaetze\HB3000\Package.pkg"
    LogicalPath="Parametersaetze.HB3000"
    Type="Package"
    LastWriteTime="134232640649017570" />
  <Object
    Path="C:\SharedFolder\CControl_Gschneitner\Logical\Parametersaetze\HB3000\HB3000Werk.xml"
    LogicalPath="Parametersaetze.HB3000.HB3000Werk.xml"
    Type="File"
    LastWriteTime="134232640649017570"
    Private="false" />
  <Object
    Path="C:\SharedFolder\CControl_Gschneitner\Logical\Parametersaetze\HB4000\Package.pkg"
    LogicalPath="Parametersaetze.HB4000"
    Type="Package"
    LastWriteTime="134232640649017570" />
  <Object
    Path="C:\SharedFolder\CControl_Gschneitner\Logical\Parametersaetze\HB4000\HB4000Werk.xml"
    LogicalPath="Parametersaetze.HB4000.HB4000Werk.xml"
    Type="File"
    LastWriteTime="134232640649017570"
    Private="false" />
  <Object
    Path="C:\SharedFolder\CControl_Gschneitner\Logical\Parametersaetze\207\Package.pkg"
    LogicalPath="Parametersaetze.207"
    Type="Package"
    LastWriteTime="134232640649017570" />
  <Object
    Path="C:\SharedFolder\CControl_Gschneitner\Logical\Parametersaetze\207\207Werk.xml"
    LogicalPath="Parametersaetze.207.207Werk.xml"
    Type="File"
    LastWriteTime="134232640649017570"
    Private="false" />
  <Object
    Path="C:\SharedFolder\CControl_Gschneitner\Logical\versionsinfo.txt"
    LogicalPath="versionsinfo.txt"
    Type="File"
    LastWriteTime="134232640655608232"
    Private="false" />
  <Object
    Path="C:\SharedFolder\CControl_Gschneitner\Physical\4_07\Config.pkg"
    LogicalPath="4_07"
    Type="Configuration.ParentUnknown"
    LastWriteTime="134232640656499838" />
  <Object
    Path="C:\SharedFolder\CControl_Gschneitner\Physical\4_07\Hardware.hw"
    LogicalPath="4_07.Hardware.hw"
    Type="File"
    LastWriteTime="134345467094799628"
    Private="false" />
  <Object
    Path="C:\SharedFolder\CControl_Gschneitner\Physical\4_07\Hardware.hwl"
    LogicalPath="4_07.Hardware.hwl"
    Type="File"
    LastWriteTime="134232640656499838"
    Private="false" />
  <Object
    Path="C:\SharedFolder\CControl_Gschneitner\Physical\4_07\4PPC30_0702_21B\Cpu.pkg"
    LogicalPath="4_07.4PPC30_0702_21B"
    Type="Cpu"
    LastWriteTime="134345513431314457" />
  <Object
    Path="C:\SharedFolder\CControl_Gschneitner\Physical\4_07\4PPC30_0702_21B\Cpu.sw"
    LogicalPath="4_07.4PPC30_0702_21B.Cpu.sw"
    Type="File"
    LastWriteTime="134232640656418603"
    Private="false" />
  <Object
    Path="C:\SharedFolder\CControl_Gschneitner\Physical\4_07\4PPC30_0702_21B\Cpu.per"
    LogicalPath="4_07.4PPC30_0702_21B.Cpu.per"
    Type="File"
    LastWriteTime="134232640656418603"
    Private="false" />
  <Object
    Path="C:\SharedFolder\CControl_Gschneitner\Physical\4_07\4PPC30_0702_21B\IoMap.iom"
    LogicalPath="4_07.4PPC30_0702_21B.IoMap.iom"
    Type="File"
    LastWriteTime="134232640656418603"
    Private="false" />
  <Object
    Path="C:\SharedFolder\CControl_Gschneitner\Physical\4_07\4PPC30_0702_21B\PvMap.vvm"
    LogicalPath="4_07.4PPC30_0702_21B.PvMap.vvm"
    Type="File"
    LastWriteTime="134232640656418603"
    Private="false" />
  <Object
    Path="C:\SharedFolder\CControl_Gschneitner\Physical\4_07\4PPC30_0702_21B\Connectivity\Package.pkg"
    LogicalPath="4_07.4PPC30_0702_21B.Connectivity"
    Type="Package"
    LastWriteTime="134232640656418603" />
  <Object
    Path="C:\SharedFolder\CControl_Gschneitner\Physical\4_07\4PPC30_0702_21B\Connectivity\OpcUA\Package.pkg"
    LogicalPath="4_07.4PPC30_0702_21B.Connectivity.OpcUA"
    Type="Package"
    LastWriteTime="134232640656418603" />
  <Object
    Path="C:\SharedFolder\CControl_Gschneitner\Physical\4_07\4PPC30_0702_21B\TextSystem\Package.pkg"
    LogicalPath="4_07.4PPC30_0702_21B.TextSystem"
    Type="Package"
    LastWriteTime="134232640656418603" />
  <Object
    Path="C:\SharedFolder\CControl_Gschneitner\Physical\4_07\4PPC30_0702_21B\UnitSystem\Package.pkg"
    LogicalPath="4_07.4PPC30_0702_21B.UnitSystem"
    Type="Package"
    LastWriteTime="134232640656418603" />
  <Object
    Path="C:\SharedFolder\CControl_Gschneitner\Physical\4_07\4PPC30_0702_21B\AccessAndSecurity\Package.pkg"
    LogicalPath="4_07.4PPC30_0702_21B.AccessAndSecurity"
    Type="Package"
    LastWriteTime="134232640656334959" />
  <Object
    Path="C:\SharedFolder\CControl_Gschneitner\Physical\4_07\4PPC30_0702_21B\AccessAndSecurity\UserRoleSystem\Package.pkg"
    LogicalPath="4_07.4PPC30_0702_21B.AccessAndSecurity.UserRoleSystem"
    Type="Package"
    LastWriteTime="134232640656418603" />
  <Object
    Path="C:\SharedFolder\CControl_Gschneitner\Physical\4_07\4PPC30_0702_21B\AccessAndSecurity\UserRoleSystem\Role.role"
    LogicalPath="4_07.4PPC30_0702_21B.AccessAndSecurity.UserRoleSystem.Role.role"
    Type="File"
    LastWriteTime="134232640656418603"
    Private="false" />
  <Object
    Path="C:\SharedFolder\CControl_Gschneitner\Physical\4_07\4PPC30_0702_21B\AccessAndSecurity\UserRoleSystem\User.user"
    LogicalPath="4_07.4PPC30_0702_21B.AccessAndSecurity.UserRoleSystem.User.user"
    Type="File"
    LastWriteTime="134232640656418603"
    Private="false" />
  <Object
    Path="C:\SharedFolder\CControl_Gschneitner\Physical\4_07\4PPC30_0702_21B\AccessAndSecurity\CertificateStore\Package.pkg"
    LogicalPath="4_07.4PPC30_0702_21B.AccessAndSecurity.CertificateStore"
    Type="Package"
    LastWriteTime="134232640656334959" />
  <Object
    Path="C:\SharedFolder\CControl_Gschneitner\Physical\4_07\4PPC30_0702_21B\AccessAndSecurity\CertificateStore\OwnCertificates\Package.pkg"
    LogicalPath="4_07.4PPC30_0702_21B.AccessAndSecurity.CertificateStore.OwnCertificates"
    Type="Package"
    LastWriteTime="134232640656250307" />
  <Object
    Path="C:\SharedFolder\CControl_Gschneitner\Physical\4_07\4PPC30_0702_21B\AccessAndSecurity\CertificateStore\OwnCertificates\Certificates\Package.pkg"
    LogicalPath="4_07.4PPC30_0702_21B.AccessAndSecurity.CertificateStore.OwnCertificates.Certificates"
    Type="Package"
    LastWriteTime="134232640656250307" />
  <Object
    Path="C:\SharedFolder\CControl_Gschneitner\Physical\4_07\4PPC30_0702_21B\AccessAndSecurity\CertificateStore\OwnCertificates\PrivateKeys\Package.pkg"
    LogicalPath="4_07.4PPC30_0702_21B.AccessAndSecurity.CertificateStore.OwnCertificates.PrivateKeys"
    Type="Package"
    LastWriteTime="134232640656334959" />
  <Object
    Path="C:\SharedFolder\CControl_Gschneitner\Physical\4_07\4PPC30_0702_21B\AccessAndSecurity\CertificateStore\ThirdPartyCertificates\Package.pkg"
    LogicalPath="4_07.4PPC30_0702_21B.AccessAndSecurity.CertificateStore.ThirdPartyCertificates"
    Type="Package"
    LastWriteTime="134232640656334959" />
  <Object
    Path="C:\SharedFolder\CControl_Gschneitner\Physical\4_07\4PPC30_0702_21B\AccessAndSecurity\CertificateStore\ThirdPartyCertificates\SoftwareCertificates\Package.pkg"
    LogicalPath="4_07.4PPC30_0702_21B.AccessAndSecurity.CertificateStore.ThirdPartyCertificates.SoftwareCertificates"
    Type="Package"
    LastWriteTime="134232640656334959" />
  <Object
    Path="C:\SharedFolder\CControl_Gschneitner\Physical\4_07\4PPC30_0702_21B\AccessAndSecurity\CertificateStore\CertificateRevocationLists\Package.pkg"
    LogicalPath="4_07.4PPC30_0702_21B.AccessAndSecurity.CertificateStore.CertificateRevocationLists"
    Type="Package"
    LastWriteTime="134232640656250307" />
  <Object
    Path="C:\SharedFolder\CControl_Gschneitner\Physical\4_07\4PPC30_0702_21B\AccessAndSecurity\CertificateStore\CertificateSigningRequests\Package.pkg"
    LogicalPath="4_07.4PPC30_0702_21B.AccessAndSecurity.CertificateStore.CertificateSigningRequests"
    Type="Package"
    LastWriteTime="134232640656250307" />
  <Object
    Path="C:\SharedFolder\CControl_Gschneitner\Physical\4_07\4PPC30_0702_21B\AccessAndSecurity\TransportLayerSecurity\Package.pkg"
    LogicalPath="4_07.4PPC30_0702_21B.AccessAndSecurity.TransportLayerSecurity"
    Type="Package"
    LastWriteTime="134232640656334959" />
  <Object
    Path="C:\SharedFolder\CControl_Gschneitner\Physical\4_07\4PPC30_0702_21B\AccessAndSecurity\Firewall\Package.pkg"
    LogicalPath="4_07.4PPC30_0702_21B.AccessAndSecurity.Firewall"
    Type="Package"
    LastWriteTime="134232640656334959" />
  <Object
    Path="C:\SharedFolder\CControl_Gschneitner\Physical\4_07\4PPC30_0702_21B\AccessAndSecurity\Firewall\Rules.firewallRules"
    LogicalPath="4_07.4PPC30_0702_21B.AccessAndSecurity.Firewall.Rules.firewallRules"
    Type="File"
    LastWriteTime="134232640656334959"
    Private="false" />
  <Object
    Path="C:\SharedFolder\CControl_Gschneitner\Physical\4_07\4PPC30_0702_21B\mappControl\Package.pkg"
    LogicalPath="4_07.4PPC30_0702_21B.mappControl"
    Type="Package"
    LastWriteTime="134232640656418603" />
  <Object
    Path="C:\SharedFolder\CControl_Gschneitner\Physical\4_07\4PPC30_0702_21B\mappMotion\Package.pkg"
    LogicalPath="4_07.4PPC30_0702_21B.mappMotion"
    Type="Package"
    LastWriteTime="134232640656418603" />
  <Object
    Path="C:\SharedFolder\CControl_Gschneitner\Physical\4_07\4PPC30_0702_21B\mappServices\Package.pkg"
    LogicalPath="4_07.4PPC30_0702_21B.mappServices"
    Type="Package"
    LastWriteTime="134232640656499838" />
  <Object
    Path="C:\SharedFolder\CControl_Gschneitner\Physical\4_07\4PPC30_0702_21B\mappServices\Config.mprecipexml"
    LogicalPath="4_07.4PPC30_0702_21B.mappServices.Config.mprecipexml"
    Type="File"
    LastWriteTime="134232640656499838"
    Private="false" />
  <Object
    Path="C:\SharedFolder\CControl_Gschneitner\Physical\4_07\4PPC30_0702_21B\mappView\Package.pkg"
    LogicalPath="4_07.4PPC30_0702_21B.mappView"
    Type="Package"
    LastWriteTime="134232640656499838" />
  <Object
    Path="C:\SharedFolder\CControl_Gschneitner\Physical\4_07\4PPC30_0702_21B\mappCockpit\Package.pkg"
    LogicalPath="4_07.4PPC30_0702_21B.mappCockpit"
    Type="Package"
    LastWriteTime="134232640656418603" />
  <Object
    Path="C:\SharedFolder\CControl_Gschneitner\Physical\4_07\4PPC30_0702_21B\VC\Package.pkg"
    LogicalPath="4_07.4PPC30_0702_21B.VC"
    Type="Package"
    LastWriteTime="134232640656418603" />
  <Object
    Path="C:\SharedFolder\CControl_Gschneitner\Physical\4_07\4PPC30_0702_21B\VC\4PPC30_0702_21B.dis"
    LogicalPath="4_07.4PPC30_0702_21B.VC.4PPC30_0702_21B.dis"
    Type="File"
    LastWriteTime="134232640656418603"
    Private="false" />
  <Object
    Path="C:\SharedFolder\CControl_Gschneitner\Physical\4_07\4PPC30_0702_21B\VC\PS2-Keyboard.dis"
    LogicalPath="4_07.4PPC30_0702_21B.VC.PS2-Keyboard.dis"
    Type="File"
    LastWriteTime="134232640656418603"
    Private="false" />
  <Object
    Path="C:\SharedFolder\CControl_Gschneitner\Physical\4_07\Hardware.jpg"
    LogicalPath="4_07.Hardware.jpg"
    Type="File"
    LastWriteTime="134232640656499838"
    Private="false" />
</Objects>